Microchip MPLAB XC8 Compiler V2.30

Linker command line:

-W-3 --edf=C:\Program Files (x86)\Microchip\xc8\v2.30\pic\dat\en_msgs.txt \
  -cn -h+dist/default/production\18f2320.production.sym \
  --cmf=dist/default/production\18f2320.production.cmf -z -Q18F2320 \
  -oC:\Temp\s5gox2 --defsym=__MPLAB_BUILD=1 \
  -Mdist/default/production/18f2320.production.map -E1 -ver=XC8 Compiler \
  --acfsm=1493 -ASTACK=080h-01FFh -pstack=STACK -ACODE=00h-01FFFh \
  -ACONST=00h-01FFFh -ASMALLCONST=0200h-02FFhx30 -AMEDIUMCONST=0200h-01FFFh \
  -ACOMRAM=01h-07Fh -AABS1=00h-01FFh -ABIGRAM=01h-01FFh \
  -ARAM=080h-0FFh,0100h-01FFh -ABANK0=080h-0FFh -ABANK1=0100h-01FFh \
  -ASFR=0F80h-0FFFh -ACONFIG=0300000h-030000Dh -AIDLOC=0200000h-0200007h \
  -AEEDATA=0F00000h-0F000FFh -peeprom_data=EEDATA \
  -preset_vec=00h,intcode=08h,intcodelo=018h,powerup,init -pramtop=0200h \
  -psmallconst=SMALLCONST -pmediumconst=MEDIUMCONST -pconst=CONST \
  -AFARRAM=00h-00h \
  -prdata=COMRAM,nvrram=COMRAM,nvbit=COMRAM,rbss=COMRAM,rbit=COMRAM \
  -pfarbss=FARRAM,fardata=FARRAM,nvFARRAM=FARRAM \
  -pintsave_regs=BIGRAM,bigbss=BIGRAM,bigdata=BIGRAM -pbss=RAM \
  -pidata=CODE,irdata=CODE,ibigdata=CODE,ifardata=CODE -prparam=COMRAM \
  C:\Temp\s5gox8.o dist/default/production\18f2320.production.o 

Object code version is 3.11

Machine type is 18F2320



                Name                               Link     Load   Length Selector   Space Scale
C:\Temp\s5gox8.o
                idloc                            200000   200000        8        0       5
                config                           300000   300000        E        0       4
                init                                 98       98        4        C       0
                reset_vec                             0        0        4        0       0
dist/default/production\18f2320.production.o
                intcodelo                            18       18       80        C       0
                intcode                               8        8        6        4       0
                idloc                            200000   200000        8        0       5
                config                           300000   300000        E        0       4
                temp                                 50       50        1        1       1
                mediumconst                        1EA6     1EA6      15A      F53       0
                intcode_body                       15C0     15C0       22        C       0
                text28                             1106     1106       7A        C       0
                text27                             159C     159C       24        C       0
                text26                             14CC     14CC       32        C       0
                text25                             161C     161C       1A        C       0
                text24                              E00      E00       F8        C       0
                text23                             14FE     14FE       30        C       0
                text22                             164C     164C       12        C       0
                text21                             15E2     15E2       1E        C       0
                text20                             1462     1462       36        C       0
                text19                             11F4     11F4       74        C       0
                text18                             1180     1180       74        C       0
                text17                             1498     1498       34        C       0
                text16                             152E     152E       26        C       0
                text15                             1366     1366       4A        C       0
                text14                             13EE     13EE       3E        C       0
                text13                             107C     107C       8A        C       0
                text12                             131C     131C       4A        C       0
                text11                             1636     1636       16        C       0
                text10                             142C     142C       36        C       0
                text9                               EF8      EF8       DC        C       0
                text8                              1578     1578       24        C       0
                text7                              1554     1554       24        C       0
                text6                              1268     1268       66        C       0
                text5                              166A     166A        A        C       0
                text4                              12CE     12CE       4E        C       0
                text3                              1600     1600       1C        C       0
                text2                               FD4      FD4       A8        C       0
                text1                              165E     165E        C        C       0
                text0                                9C       9C      D64        C       0
                cstackCOMRAM                         2E       2E       17        1       1
                dataCOMRAM                           47       47        9        1       1
                bssCOMRAM                             1        1       2D        1       1
                bitbssCOMRAM                        228       45        A        1       1     8
                cinit                              13B0     13B0       3E        C       0
                idataCOMRAM                        1674     1674        9        C       0

TOTAL           Name                               Link     Load   Length     Space
        CLASS   STACK          

        CLASS   CODE           
                intcodelo                            18       18       80         0
                intcode                               8        8        6         0
                init                                 98       98        4         0
                reset_vec                             0        0        4         0
                intcode_body                       15C0     15C0       22         0
                text28                             1106     1106       7A         0
                text27                             159C     159C       24         0
                text26                             14CC     14CC       32         0
                text25                             161C     161C       1A         0
                text24                              E00      E00       F8         0
                text23                             14FE     14FE       30         0
                text22                             164C     164C       12         0
                text21                             15E2     15E2       1E         0
                text20                             1462     1462       36         0
                text19                             11F4     11F4       74         0
                text18                             1180     1180       74         0
                text17                             1498     1498       34         0
                text16                             152E     152E       26         0
                text15                             1366     1366       4A         0
                text14                             13EE     13EE       3E         0
                text13                             107C     107C       8A         0
                text12                             131C     131C       4A         0
                text11                             1636     1636       16         0
                text10                             142C     142C       36         0
                text9                               EF8      EF8       DC         0
                text8                              1578     1578       24         0
                text7                              1554     1554       24         0
                text6                              1268     1268       66         0
                text5                              166A     166A        A         0
                text4                              12CE     12CE       4E         0
                text3                              1600     1600       1C         0
                text2                               FD4      FD4       A8         0
                text1                              165E     165E        C         0
                text0                                9C       9C      D64         0
                cinit                              13B0     13B0       3E         0
                idataCOMRAM                        1674     1674        9         0

        CLASS   CONST          

        CLASS   SMALLCONST     

        CLASS   MEDIUMCONST    
                mediumconst                        1EA6     1EA6      15A         0

        CLASS   COMRAM         
                temp                                 50       50        1         1
                cstackCOMRAM                         2E       2E       17         1
                dataCOMRAM                           47       47        9         1
                bssCOMRAM                             1        1       2D         1
                bitbssCOMRAM                        228       45        A         1

        CLASS   ABS1           

        CLASS   BIGRAM         

        CLASS   RAM            

        CLASS   BANK0          

        CLASS   BANK1          

        CLASS   SFR            

        CLASS   CONFIG         
                config                           300000   300000        E         4

        CLASS   IDLOC          
                idloc                            200000   200000        8         5

        CLASS   EEDATA         

        CLASS   FARRAM         



SEGMENTS        Name                           Load    Length   Top    Selector   Space  Class

                reset_vec                      000000  000004  000004         0       0  CODE    
                bssCOMRAM                      000001  000050  000051         1       1  COMRAM  
                intcode                        000008  000006  00000E         4       0  CODE    
                intcodelo                      000018  001665  00167D         C       0  CODE    
                mediumconst                    001EA6  00015A  002000       F53       0  MEDIUMCO


UNUSED ADDRESS RANGES

        Name                Unused          Largest block    Delta
        BANK0            000080-0000FF               80
        BANK1            000100-0001FF              100
        BIGRAM           000051-0001FF              1AF
        CODE             000004-000007                4
                         00000E-000017                A
                         00167D-001EA5              829
        COMRAM           000051-00007F               2F
        CONST            000004-000007                4
                         00000E-000017                A
                         00167D-001EA5              829
        EEDATA           F00000-F000FF              100
        MEDIUMCONST      00167D-001EA5              829
        RAM              000080-0001FF               80
        SFR              000F80-000FFF               80
        SMALLCONST       00167D-001EA5              100
        STACK            000080-0001FF              180

                                  Symbol Table

?___lwdiv                  cstackCOMRAM 000031
?___lwmod                  cstackCOMRAM 000038
?_ds18b20_get_temp         cstackCOMRAM 000031
Delay_ms@delay             cstackCOMRAM 000031
Delay_ms@i                 cstackCOMRAM 000034
PL10                       text0        000D42
PL12                       text0        000D4E
PL14                       text2        001068
PL16                       text0        000D58
PL18                       text0        000D62
PL2                        text0        000D12
PL20                       text0        000D6C
PL22                       text0        000D72
PL24                       text9        000FC6
PL26                       text0        000D78
PL28                       text0        000D84
PL30                       text0        000D90
PL32                       text0        000D98
PL34                       text6        0012C4
PL36                       text0        000DA2
PL38                       text28       001176
PL4                        text0        000D22
PL40                       text0        000DAA
PL42                       text0        000DB4
PL44                       text0        000DBE
PL46                       text0        000DC4
PL48                       text0        000DCA
PL50                       text0        000DD0
PL52                       text0        000DD8
PL54                       text0        000DE0
PL56                       text0        000DE8
PL58                       text0        000DF0
PL6                        text0        000D2A
PL60                       text2        001076
PL62                       text0        000DF8
PL8                        text0        000D36
_ADCON1bits                (abs)        000FC1
_Delay_ms                  text8        001578
_EEADR                     (abs)        000FA9
_EECON1bits                (abs)        000FA6
_EECON2                    (abs)        000FA7
_EEDATA                    (abs)        000FA8
_HD44780_CYR               mediumconst  001EA7
_INTCON2bits               (abs)        000FF1
_INTCONbits                (abs)        000FF2
_IPR1bits                  (abs)        000F9F
_LATA                      (abs)        000F89
_LATAbits                  (abs)        000F89
_LATB                      (abs)        000F8A
_LATC                      (abs)        000F8B
_LATCbits                  (abs)        000F8B
_Main_init                 text18       001180
_OSCCONbits                (abs)        000FD3
_PIE1bits                  (abs)        000F9D
_PIR1bits                  (abs)        000F9E
_PORTA                     (abs)        000F80
_PORTAbits                 (abs)        000F80
_PORTB                     (abs)        000F81
_PORTC                     (abs)        000F82
_RCONbits                  (abs)        000FD0
_T0CONbits                 (abs)        000FD5
_T1CON                     (abs)        000FCD
_T1CONbits                 (abs)        000FCD
_TMR0H                     (abs)        000FD7
_TMR0L                     (abs)        000FD6
_TMR1H                     (abs)        000FCF
_TMR1L                     (abs)        000FCE
_TRISA                     (abs)        000F92
_TRISAbits                 (abs)        000F92
_TRISB                     (abs)        000F93
_TRISC                     (abs)        000F94
__HRAM                     (abs)        000000
__Habs1                    abs1         000000
__Hbank0                   bank0        000000
__Hbank1                   bank1        000000
__Hbigbss                  bigbss       000000
__Hbigdata                 bigdata      000000
__Hbigram                  bigram       000000
__HbitbssCOMRAM            bitbssCOMRAM 000000
__Hbss                     bss          000000
__HbssCOMRAM               bssCOMRAM    000000
__Hcinit                   cinit        000000
__Hclrtext                 clrtext      000000
__Hcomram                  comram       000000
__Hconfig                  config       30000E
__Hconst                   const        000000
__HcstackCOMRAM            cstackCOMRAM 000000
__Hdata                    data         000000
__HdataCOMRAM              dataCOMRAM   000000
__Heeprom_data             eeprom_data  000000
__Hfarbss                  farbss       000000
__Hfardata                 fardata      000000
__Hibigdata                ibigdata     000000
__Hidata                   idata        000000
__HidataCOMRAM             idataCOMRAM  000000
__Hidloc                   idloc        200008
__Hifardata                ifardata     000000
__Hinit                    init         00009C
__Hintcode                 intcode      00000E
__Hintcode_body            intcode_body 000000
__Hintcodelo               intcodelo    000098
__Hintentry                intentry     000000
__Hintret                  intret       000000
__Hintsave_regs            intsave_regs 000000
__Hirdata                  irdata       000000
__Hmediumconst             mediumconst  002000
__HnvFARRAM                nvFARRAM     000000
__Hnvbit                   nvbit        000000
__Hnvrram                  nvrram       000000
__Hpa_nodes0               pa_nodes0    000000
__Hparam                   rparam       000000
__Hpowerup                 powerup      000098
__Hram                     ram          000000
__Hramtop                  ramtop       000200
__Hrbit                    rbit         000000
__Hrbss                    rbss         000000
__Hrdata                   rdata        000000
__Hreset_vec               reset_vec    000004
__Hrparam                  rparam       000000
__Hsfr                     sfr          000000
__Hsmallconst              smallconst   000000
__Hspace_0                 (abs)        002000
__Hspace_1                 (abs)        000232
__Hspace_2                 (abs)        000000
__Hspace_4                 (abs)        60000E
__Hstack                   stack        000000
__Hstruct                  struct       000000
__Htemp                    temp         000051
__Htext                    text         000000
__Htext0                   text0        000000
__Htext1                   text1        000000
__Htext10                  text10       000000
__Htext11                  text11       000000
__Htext12                  text12       000000
__Htext13                  text13       000000
__Htext14                  text14       000000
__Htext15                  text15       000000
__Htext16                  text16       000000
__Htext17                  text17       000000
__Htext18                  text18       000000
__Htext19                  text19       000000
__Htext2                   text2        000000
__Htext20                  text20       000000
__Htext21                  text21       000000
__Htext22                  text22       000000
__Htext23                  text23       000000
__Htext24                  text24       000000
__Htext25                  text25       000000
__Htext26                  text26       000000
__Htext27                  text27       000000
__Htext28                  text28       000000
__Htext3                   text3        000000
__Htext4                   text4        000000
__Htext5                   text5        000000
__Htext6                   text6        000000
__Htext7                   text7        000000
__Htext8                   text8        000000
__Htext9                   text9        000000
__LRAM                     (abs)        000001
__Labs1                    abs1         000000
__Lbank0                   bank0        000000
__Lbank1                   bank1        000000
__Lbigbss                  bigbss       000000
__Lbigdata                 bigdata      000000
__Lbigram                  bigram       000000
__LbitbssCOMRAM            bitbssCOMRAM 000000
__Lbss                     bss          000000
__LbssCOMRAM               bssCOMRAM    000000
__Lcinit                   cinit        000000
__Lclrtext                 clrtext      000000
__Lcomram                  comram       000000
__Lconfig                  config       000000
__Lconst                   const        000000
__LcstackCOMRAM            cstackCOMRAM 000000
__Ldata                    data         000000
__LdataCOMRAM              dataCOMRAM   000000
__Leeprom_data             eeprom_data  000000
__Lfarbss                  farbss       000000
__Lfardata                 fardata      000000
__Libigdata                ibigdata     000000
__Lidata                   idata        000000
__LidataCOMRAM             idataCOMRAM  000000
__Lidloc                   idloc        000000
__Lifardata                ifardata     000000
__Linit                    init         000098
__Lintcode                 intcode      000008
__Lintcode_body            intcode_body 000000
__Lintcodelo               intcodelo    000018
__Lintentry                intentry     000000
__Lintret                  intret       000000
__Lintsave_regs            intsave_regs 000000
__Lirdata                  irdata       000000
__Lmediumconst             mediumconst  001EA6
__LnvFARRAM                nvFARRAM     000000
__Lnvbit                   nvbit        000000
__Lnvrram                  nvrram       000000
__Lpa_nodes0               pa_nodes0    000000
__Lparam                   rparam       000000
__Lpowerup                 powerup      000098
__Lram                     ram          000000
__Lramtop                  ramtop       000200
__Lrbit                    rbit         000000
__Lrbss                    rbss         000000
__Lrdata                   rdata        000000
__Lreset_vec               reset_vec    000000
__Lrparam                  rparam       000000
__Lsfr                     sfr          000000
__Lsmallconst              smallconst   000000
__Lspace_0                 (abs)        000000
__Lspace_1                 (abs)        000000
__Lspace_2                 (abs)        000000
__Lspace_4                 (abs)        000000
__Lstack                   stack        000000
__Lstruct                  struct       000000
__Ltemp                    temp         000050
__Ltext                    text         000000
__Ltext0                   text0        000000
__Ltext1                   text1        000000
__Ltext10                  text10       000000
__Ltext11                  text11       000000
__Ltext12                  text12       000000
__Ltext13                  text13       000000
__Ltext14                  text14       000000
__Ltext15                  text15       000000
__Ltext16                  text16       000000
__Ltext17                  text17       000000
__Ltext18                  text18       000000
__Ltext19                  text19       000000
__Ltext2                   text2        000000
__Ltext20                  text20       000000
__Ltext21                  text21       000000
__Ltext22                  text22       000000
__Ltext23                  text23       000000
__Ltext24                  text24       000000
__Ltext25                  text25       000000
__Ltext26                  text26       000000
__Ltext27                  text27       000000
__Ltext28                  text28       000000
__Ltext3                   text3        000000
__Ltext4                   text4        000000
__Ltext5                   text5        000000
__Ltext6                   text6        000000
__Ltext7                   text7        000000
__Ltext8                   text8        000000
__Ltext9                   text9        000000
__S0                       (abs)        002000
__S1                       (abs)        000051
__S2                       (abs)        000000
__S4                       (abs)        000000
__S5                       (abs)        000000
___inthi_sp                stack        000000
___intlo_sp                stack        000000
___lbdiv                   text17       001498
___lbdiv@counter           cstackCOMRAM 000033
___lbdiv@dividend          cstackCOMRAM 000032
___lbdiv@divisor           cstackCOMRAM 000031
___lbdiv@quotient          cstackCOMRAM 000034
___lbmod                   text16       00152E
___lbmod@counter           cstackCOMRAM 000037
___lbmod@dividend          cstackCOMRAM 000036
___lbmod@divisor           cstackCOMRAM 000035
___lbmod@rem               cstackCOMRAM 000038
___lwdiv                   text15       001366
___lwdiv@counter           cstackCOMRAM 000037
___lwdiv@dividend          cstackCOMRAM 000031
___lwdiv@divisor           cstackCOMRAM 000033
___lwdiv@quotient          cstackCOMRAM 000035
___lwmod                   text14       0013EE
___lwmod@counter           cstackCOMRAM 00003C
___lwmod@dividend          cstackCOMRAM 000038
___lwmod@divisor           cstackCOMRAM 00003A
___param_bank              (abs)        000000
___rparam_used             (abs)        000001
___sp                      stack        000000
__accesstop                (abs)        000080
__activetblptr             (abs)        000002
__end_ofPL10               text0        000D4E
__end_ofPL12               text0        000D58
__end_ofPL14               text2        001076
__end_ofPL16               text0        000D62
__end_ofPL18               text0        000D6C
__end_ofPL2                text0        000D22
__end_ofPL20               text0        000D72
__end_ofPL22               text0        000D78
__end_ofPL24               text9        000FD4
__end_ofPL26               text0        000D84
__end_ofPL28               text0        000D90
__end_ofPL30               text0        000D98
__end_ofPL32               text0        000DA2
__end_ofPL34               text6        0012CE
__end_ofPL36               text0        000DAA
__end_ofPL38               text28       001180
__end_ofPL4                text0        000D2A
__end_ofPL40               text0        000DB4
__end_ofPL42               text0        000DBE
__end_ofPL44               text0        000DC4
__end_ofPL46               text0        000DCA
__end_ofPL48               text0        000DD0
__end_ofPL50               text0        000DD8
__end_ofPL52               text0        000DE0
__end_ofPL54               text0        000DE8
__end_ofPL56               text0        000DF0
__end_ofPL58               text0        000DF8
__end_ofPL6                text0        000D36
__end_ofPL60               text2        00107C
__end_ofPL62               text0        000E00
__end_ofPL8                text0        000D42
__end_of_Delay_ms          text8        00159C
__end_of_HD44780_CYR       mediumconst  001EE7
__end_of_Main_init         text18       0011F4
__end_of___lbdiv           text17       0014CC
__end_of___lbmod           text16       001554
__end_of___lwdiv           text15       0013B0
__end_of___lwmod           text14       00142C
__end_of__initialization   cinit        0013E0
__end_of_cgrom_char        text26       0014FE
__end_of_clearLCD          text25       001636
__end_of_ds18b20_crc8      text12       001366
__end_of_ds18b20_get_temp  text13       001106
__end_of_ds18b20_readTemp  text9        000FC6
__end_of_ds18b20_readrom   text6        0012C4
__end_of_fract             mediumconst  001EF7
__end_of_initLCD           text24       000EF8
__end_of_init_ds18b20      text19       001268
__end_of_key_GetKey        text5        001674
__end_of_key_press         text4        00131C
__end_of_lcdNibble         text28       001176
__end_of_lcdPrint          text2        001068
__end_of_lcdWrite          text27       0015C0
__end_of_lcd_gotoxy        text3        00161C
__end_of_lcd_putc          text1        00166A
__end_of_main              text0        000D12
__end_of_myIntH            intcode_body 0015E2
__end_of_myIntL            intcodelo    000098
__end_of_ow_reset          text23       00152E
__end_of_read_bit          text11       00164C
__end_of_read_byte         text10       001462
__end_of_read_eep          text22       00165E
__end_of_symbol_4          mediumconst  001EFF
__end_of_write_bit         text21       001600
__end_of_write_byte        text20       001498
__end_of_write_eep         text7        001578
__initialization           cinit        0013B0
__mediumconst              mediumconst  001EA6
__pbitbssCOMRAM            bitbssCOMRAM 000228
__pbssCOMRAM               bssCOMRAM    000001
__pcinit                   cinit        0013B0
__pcstackCOMRAM            cstackCOMRAM 00002E
__pdataCOMRAM              dataCOMRAM   000047
__pidataCOMRAM             idataCOMRAM  001674
__pintcode                 intcode      000008
__pintcode_body            intcode_body 0015C0
__pintcodelo               intcodelo    000018
__pmediumconst             mediumconst  001EA6
__ptext0                   text0        00009C
__ptext1                   text1        00165E
__ptext10                  text10       00142C
__ptext11                  text11       001636
__ptext12                  text12       00131C
__ptext13                  text13       00107C
__ptext14                  text14       0013EE
__ptext15                  text15       001366
__ptext16                  text16       00152E
__ptext17                  text17       001498
__ptext18                  text18       001180
__ptext19                  text19       0011F4
__ptext2                   text2        000FD4
__ptext20                  text20       001462
__ptext21                  text21       0015E2
__ptext22                  text22       00164C
__ptext23                  text23       0014FE
__ptext24                  text24       000E00
__ptext25                  text25       00161C
__ptext26                  text26       0014CC
__ptext27                  text27       00159C
__ptext28                  text28       001106
__ptext3                   text3        001600
__ptext4                   text4        0012CE
__ptext5                   text5        00166A
__ptext6                   text6        001268
__ptext7                   text7        001554
__ptext8                   text8        001578
__ptext9                   text9        000EF8
__ramtop                   ramtop       000200
__size_of_Delay_ms         (abs)        000000
__size_of_Main_init        (abs)        000000
__size_of___lbdiv          (abs)        000000
__size_of___lbmod          (abs)        000000
__size_of___lwdiv          (abs)        000000
__size_of___lwmod          (abs)        000000
__size_of_cgrom_char       (abs)        000000
__size_of_clearLCD         (abs)        000000
__size_of_ds18b20_crc8     (abs)        000000
__size_of_ds18b20_get_temp (abs)        000000
__size_of_ds18b20_readTemp (abs)        000000
__size_of_ds18b20_readrom  (abs)        000000
__size_of_initLCD          (abs)        000000
__size_of_init_ds18b20     (abs)        000000
__size_of_key_GetKey       (abs)        000000
__size_of_key_press        (abs)        000000
__size_of_lcdNibble        (abs)        000000
__size_of_lcdPrint         (abs)        000000
__size_of_lcdWrite         (abs)        000000
__size_of_lcd_gotoxy       (abs)        000000
__size_of_lcd_putc         (abs)        000000
__size_of_main             (abs)        000000
__size_of_myIntH           (abs)        000000
__size_of_myIntL           (abs)        000000
__size_of_ow_reset         (abs)        000000
__size_of_read_bit         (abs)        000000
__size_of_read_byte        (abs)        000000
__size_of_read_eep         (abs)        000000
__size_of_write_bit        (abs)        000000
__size_of_write_byte       (abs)        000000
__size_of_write_eep        (abs)        000000
__smallconst               smallconst   000000
_cgrom_char                text26       0014CC
_clearLCD                  text25       00161C
_dq_num                    dataCOMRAM   00004B
_ds18b20_crc8              text12       00131C
_ds18b20_get_temp          text13       00107C
_ds18b20_readTemp          text9        000EF8
_ds18b20_readrom           text6        001268
_en_snd_b                  bitbssCOMRAM 000228
_en_snd_k                  bitbssCOMRAM 000229
_en_sound                  bitbssCOMRAM 000230
_fract                     mediumconst  001EE7
_initLCD                   text24       000E00
_init_ds18b20              text19       0011F4
_key_GetKey                text5        00166A
_key_press                 text4        0012CE
_key_pressed               bssCOMRAM    00001B
_lcdNibble                 text28       001106
_lcdPrint                  text2        000FD4
_lcdWrite                  text27       00159C
_lcd_gotoxy                text3        001600
_lcd_putc                  text1        00165E
_main                      text0        00009C
_minus_1                   dataCOMRAM   00004F
_minus_2                   dataCOMRAM   00004E
_myIntH                    intcode      000008
_myIntL                    intcodelo    000018
_ow_reset                  text23       0014FE
_pressed_key               bssCOMRAM    000022
_read_bit                  text11       001636
_read_byte                 text10       00142C
_read_eep                  text22       00164C
_read_key                  bitbssCOMRAM 000231
_rom_dq                    bssCOMRAM    000001
_scratch                   bssCOMRAM    000023
_select                    dataCOMRAM   00004D
_set_t_dq1_dwn             bssCOMRAM    00001F
_set_t_dq1_up              bssCOMRAM    000020
_set_t_dq2                 bssCOMRAM    000019
_set_t_dq2_10              bssCOMRAM    00001D
_set_t_dq2_100             bssCOMRAM    00001E
_snd_all                   bitbssCOMRAM 00022C
_snd_b                     bitbssCOMRAM 00022D
_snd_b_b                   bitbssCOMRAM 00022A
_snd_k                     bitbssCOMRAM 00022E
_snd_k_b                   bitbssCOMRAM 00022B
_sound_yes                 bitbssCOMRAM 00022F
_sub_main                  dataCOMRAM   00004C
_sub_sel                   bssCOMRAM    000021
_symbol_4                  mediumconst  001EF7
_temp1_fix                 bssCOMRAM    000017
_temp_ready                bssCOMRAM    000011
_temperature_1             dataCOMRAM   000049
_temperature_2             dataCOMRAM   000047
_time_flag                 bssCOMRAM    00002C
_timer_val                 bssCOMRAM    00002D
_write_bit                 text21       0015E2
_write_byte                text20       001462
_write_eep                 text7        001554
btemp                      temp         000050
cgrom_char@address         cstackCOMRAM 000037
cgrom_char@i               cstackCOMRAM 000038
cgrom_char@symbol          cstackCOMRAM 000035
ds18b20_crc8@bit_counter   cstackCOMRAM 000033
ds18b20_crc8@crc           cstackCOMRAM 000037
ds18b20_crc8@data          cstackCOMRAM 000034
ds18b20_crc8@data_in       cstackCOMRAM 000031
ds18b20_crc8@feedback_bit  cstackCOMRAM 000035
ds18b20_crc8@loop_count    cstackCOMRAM 000036
ds18b20_crc8@num_bytes     cstackCOMRAM 000032
ds18b20_get_temp@minus     cstackCOMRAM 000031
ds18b20_get_temp@num_dq    cstackCOMRAM 000033
ds18b20_get_temp@temp      cstackCOMRAM 000035
ds18b20_get_temp@tmp       cstackCOMRAM 000034
ds18b20_readTemp@i         cstackCOMRAM 00003F
ds18b20_readTemp@j         cstackCOMRAM 00003E
ds18b20_readTemp@temp      cstackCOMRAM 00003C
ds18b20_readTemp@time_flag cstackCOMRAM 000038
ds18b20_readTemp@timer_val cstackCOMRAM 000039
ds18b20_readrom@i          cstackCOMRAM 000041
ds18b20_readrom@num_dq     cstackCOMRAM 000040
ds18b20_readrom@temp_rom   cstackCOMRAM 000038
end_of_initialization      cinit        0013E0
init_ds18b20@i             cstackCOMRAM 00003A
init_ds18b20@q             cstackCOMRAM 000039
int$flags                  temp         000050
int_func                   intcode_body 0015C0
intlevel0                  text         000000
intlevel1                  text         000000
intlevel2                  text         000000
intlevel3                  text         000000
key_GetKey@key             cstackCOMRAM 000031
key_press@count            bssCOMRAM    000015
key_press@key              cstackCOMRAM 000031
lcdNibble@nibble           cstackCOMRAM 000032
lcdPrint@t                 cstackCOMRAM 000038
lcdWrite@byte              cstackCOMRAM 000034
lcdWrite@type              cstackCOMRAM 000033
lcd_gotoxy@address         cstackCOMRAM 000037
lcd_gotoxy@x               cstackCOMRAM 000036
lcd_gotoxy@y               cstackCOMRAM 000035
lcd_putc@c                 cstackCOMRAM 000035
myIntL@snd_delay           bssCOMRAM    00001C
ow_reset@presence          cstackCOMRAM 000031
read_byte@i                cstackCOMRAM 000034
read_byte@val              cstackCOMRAM 000033
read_eep@address           cstackCOMRAM 000031
stackhi                    (abs)        0001FF
stacklo                    (abs)        000080
start                      init         000098
start_initialization       cinit        0013B0
ttemp5                     temp         000051
ttemp6                     temp         000054
ttemp7                     temp         000058
write_bit@bitval           cstackCOMRAM 000031
write_byte@i               cstackCOMRAM 000036
write_byte@temp            cstackCOMRAM 000035
write_byte@val             cstackCOMRAM 000034
write_eep@address          cstackCOMRAM 000032
write_eep@data             cstackCOMRAM 000031
wtemp8                     temp         000051


FUNCTION INFORMATION:

 *************** function _main *****************
 Defined at:
		line 35 in file "main.c"
 Parameters:    Size  Location     Type
		None
 Auto vars:     Size  Location     Type
		None
 Return value:  Size  Location     Type
                  1    wreg      void 
 Registers used:
		wreg, fsr2l, fsr2h, status,2, status,0, tblptrl, tblptrh, tblptru, prodl, prodh, cstack
 Tracked objects:
		On entry : 
		On exit  : 
		Unchanged: 
 Data sizes:     COMRAM   BANK0   BANK1
      Params:         0       0       0
      Locals:         0       0       0
      Temps:          3       0       0
      Totals:         3       0       0
Total ram usage:        3 bytes
 Hardware stack levels required when called:    7
 This function calls:
		_Delay_ms
		_Main_init
		___lbdiv
		___lbmod
		___lwdiv
		___lwmod
		_clearLCD
		_ds18b20_get_temp
		_ds18b20_readTemp
		_ds18b20_readrom
		_key_GetKey
		_key_press
		_lcdPrint
		_lcd_gotoxy
		_lcd_putc
		_read_eep
		_write_eep
 This function is called by:
		Startup code after reset
 This function uses a non-reentrant model


 *************** function _lcd_putc *****************
 Defined at:
		line 90 in file "hd44780.c"
 Parameters:    Size  Location     Type
  c               1    wreg     unsigned char 
 Auto vars:     Size  Location     Type
  c               1    7[COMRAM] unsigned char 
 Return value:  Size  Location     Type
                  1    wreg      void 
 Registers used:
		wreg, status,2, status,0, cstack
 Tracked objects:
		On entry : 
		On exit  : 
		Unchanged: 
 Data sizes:     COMRAM   BANK0   BANK1
      Params:         0       0       0
      Locals:         1       0       0
      Temps:          0       0       0
      Totals:         1       0       0
Total ram usage:        1 bytes
 Hardware stack levels used:    1
 Hardware stack levels required when called:    4
 This function calls:
		_lcdWrite
 This function is called by:
		_main
 This function uses a non-reentrant model


 *************** function _lcdPrint *****************
 Defined at:
		line 96 in file "hd44780.c"
 Parameters:    Size  Location     Type
  t               2   10[COMRAM] PTR const unsigned char 
		 -> STR_19(16), STR_18(15), STR_17(11), STR_16(13), 
		 -> STR_15(11), STR_14(13), STR_13(15), STR_12(15), 
		 -> STR_11(14), STR_10(16), STR_9(16), STR_8(16), 
		 -> STR_7(7), STR_6(8), STR_5(8), STR_4(13), 
		 -> STR_3(16), STR_2(16), STR_1(16), 
 Auto vars:     Size  Location     Type
		None
 Return value:  Size  Location     Type
                  1    wreg      void 
 Registers used:
		wreg, status,2, status,0, tblptrl, tblptrh, tblptru, cstack
 Tracked objects:
		On entry : 
		On exit  : 
		Unchanged: 
 Data sizes:     COMRAM   BANK0   BANK1
      Params:         2       0       0
      Locals:         0       0       0
      Temps:          4       0       0
      Totals:         6       0       0
Total ram usage:        6 bytes
 Hardware stack levels used:    1
 Hardware stack levels required when called:    5
 This function calls:
		_lcdWrite
		_lcd_gotoxy
 This function is called by:
		_main
 This function uses a non-reentrant model


 *************** function _lcd_gotoxy *****************
 Defined at:
		line 76 in file "hd44780.c"
 Parameters:    Size  Location     Type
  x               1    wreg     unsigned char 
  y               1    7[COMRAM] unsigned char 
 Auto vars:     Size  Location     Type
  x               1    8[COMRAM] unsigned char 
  address         1    9[COMRAM] unsigned char 
 Return value:  Size  Location     Type
                  1    wreg      void 
 Registers used:
		wreg, status,2, status,0, cstack
 Tracked objects:
		On entry : 
		On exit  : 
		Unchanged: 
 Data sizes:     COMRAM   BANK0   BANK1
      Params:         1       0       0
      Locals:         2       0       0
      Temps:          0       0       0
      Totals:         3       0       0
Total ram usage:        3 bytes
 Hardware stack levels used:    1
 Hardware stack levels required when called:    4
 This function calls:
		_lcdWrite
 This function is called by:
		_main
		_lcdPrint
 This function uses a non-reentrant model


 *************** function _key_press *****************
 Defined at:
		line 5 in file "key.c"
 Parameters:    Size  Location     Type
		None
 Auto vars:     Size  Location     Type
  key             1    3[COMRAM] unsigned char 
 Return value:  Size  Location     Type
                  1    wreg      void 
 Registers used:
		wreg, status,2, status,0
 Tracked objects:
		On entry : 
		On exit  : 
		Unchanged: 
 Data sizes:     COMRAM   BANK0   BANK1
      Params:         0       0       0
      Locals:         1       0       0
      Temps:          0       0       0
      Totals:         1       0       0
Total ram usage:        1 bytes
 Hardware stack levels used:    1
 Hardware stack levels required when called:    2
 This function calls:
		Nothing
 This function is called by:
		_main
 This function uses a non-reentrant model


 *************** function _key_GetKey *****************
 Defined at:
		line 48 in file "key.c"
 Parameters:    Size  Location     Type
		None
 Auto vars:     Size  Location     Type
  key             1    3[COMRAM] unsigned char 
 Return value:  Size  Location     Type
                  1    wreg      unsigned char 
 Registers used:
		wreg, status,2
 Tracked objects:
		On entry : 
		On exit  : 
		Unchanged: 
 Data sizes:     COMRAM   BANK0   BANK1
      Params:         0       0       0
      Locals:         1       0       0
      Temps:          0       0       0
      Totals:         1       0       0
Total ram usage:        1 bytes
 Hardware stack levels used:    1
 Hardware stack levels required when called:    2
 This function calls:
		Nothing
 This function is called by:
		_main
 This function uses a non-reentrant model


 *************** function _ds18b20_readrom *****************
 Defined at:
		line 171 in file "ds18b20.c"
 Parameters:    Size  Location     Type
  num_dq          1    wreg     unsigned char 
 Auto vars:     Size  Location     Type
  num_dq          1   18[COMRAM] unsigned char 
  temp_rom        8   10[COMRAM] unsigned char [8]
  i               1   19[COMRAM] unsigned char 
 Return value:  Size  Location     Type
                  1    wreg      unsigned char 
 Registers used:
		wreg, fsr2l, fsr2h, status,2, status,0, prodl, prodh, cstack
 Tracked objects:
		On entry : 
		On exit  : 
		Unchanged: 
 Data sizes:     COMRAM   BANK0   BANK1
      Params:         0       0       0
      Locals:        10       0       0
      Temps:          0       0       0
      Totals:        10       0       0
Total ram usage:       10 bytes
 Hardware stack levels used:    1
 Hardware stack levels required when called:    4
 This function calls:
		_Delay_ms
		_ds18b20_crc8
		_ow_reset
		_read_byte
		_write_byte
		_write_eep
 This function is called by:
		_main
 This function uses a non-reentrant model


 *************** function _write_eep *****************
 Defined at:
		line 5 in file "eeprom.c"
 Parameters:    Size  Location     Type
  address         1    wreg     unsigned char 
  data            1    3[COMRAM] unsigned char 
 Auto vars:     Size  Location     Type
  address         1    4[COMRAM] unsigned char 
 Return value:  Size  Location     Type
                  1    wreg      void 
 Registers used:
		wreg, status,2
 Tracked objects:
		On entry : 
		On exit  : 
		Unchanged: 
 Data sizes:     COMRAM   BANK0   BANK1
      Params:         1       0       0
      Locals:         1       0       0
      Temps:          0       0       0
      Totals:         2       0       0
Total ram usage:        2 bytes
 Hardware stack levels used:    1
 Hardware stack levels required when called:    2
 This function calls:
		Nothing
 This function is called by:
		_main
		_ds18b20_readrom
 This function uses a non-reentrant model


 *************** function _Delay_ms *****************
 Defined at:
		line 614 in file "main.c"
 Parameters:    Size  Location     Type
  delay           2    3[COMRAM] unsigned int 
 Auto vars:     Size  Location     Type
  i               2    6[COMRAM] unsigned int 
 Return value:  Size  Location     Type
                  1    wreg      void 
 Registers used:
		wreg, status,2, status,0
 Tracked objects:
		On entry : 
		On exit  : 
		Unchanged: 
 Data sizes:     COMRAM   BANK0   BANK1
      Params:         2       0       0
      Locals:         2       0       0
      Temps:          1       0       0
      Totals:         5       0       0
Total ram usage:        5 bytes
 Hardware stack levels used:    1
 Hardware stack levels required when called:    2
 This function calls:
		Nothing
 This function is called by:
		_main
		_ds18b20_readrom
 This function uses a non-reentrant model


 *************** function _ds18b20_readTemp *****************
 Defined at:
		line 117 in file "ds18b20.c"
 Parameters:    Size  Location     Type
  time_flag       1   10[COMRAM] PTR unsigned char 
		 -> time_flag(1), 
  timer_val       1   11[COMRAM] PTR unsigned char 
		 -> timer_val(1), 
 Auto vars:     Size  Location     Type
  j               1   16[COMRAM] unsigned char 
  temp            2   14[COMRAM] unsigned int 
  i               1   17[COMRAM] unsigned char 
 Return value:  Size  Location     Type
                  1    wreg      unsigned char 
 Registers used:
		wreg, fsr2l, fsr2h, status,2, status,0, prodl, prodh, cstack
 Tracked objects:
		On entry : 
		On exit  : 
		Unchanged: 
 Data sizes:     COMRAM   BANK0   BANK1
      Params:         2       0       0
      Locals:         4       0       0
      Temps:          2       0       0
      Totals:         8       0       0
Total ram usage:        8 bytes
 Hardware stack levels used:    1
 Hardware stack levels required when called:    4
 This function calls:
		_ds18b20_crc8
		_ow_reset
		_read_byte
		_write_byte
 This function is called by:
		_main
 This function uses a non-reentrant model


 *************** function _read_byte *****************
 Defined at:
		line 50 in file "onewire.c"
 Parameters:    Size  Location     Type
		None
 Auto vars:     Size  Location     Type
  i               1    6[COMRAM] unsigned char 
  val             1    5[COMRAM] unsigned char 
 Return value:  Size  Location     Type
                  1    wreg      unsigned char 
 Registers used:
		wreg, status,2, status,0, cstack
 Tracked objects:
		On entry : 
		On exit  : 
		Unchanged: 
 Data sizes:     COMRAM   BANK0   BANK1
      Params:         0       0       0
      Locals:         2       0       0
      Temps:          2       0       0
      Totals:         4       0       0
Total ram usage:        4 bytes
 Hardware stack levels used:    1
 Hardware stack levels required when called:    3
 This function calls:
		_read_bit
 This function is called by:
		_ds18b20_readTemp
		_ds18b20_readrom
 This function uses a non-reentrant model


 *************** function _read_bit *****************
 Defined at:
		line 22 in file "onewire.c"
 Parameters:    Size  Location     Type
		None
 Auto vars:     Size  Location     Type
		None
 Return value:  Size  Location     Type
                  1    wreg      unsigned char 
 Registers used:
		wreg
 Tracked objects:
		On entry : 
		On exit  : 
		Unchanged: 
 Data sizes:     COMRAM   BANK0   BANK1
      Params:         0       0       0
      Locals:         0       0       0
      Temps:          0       0       0
      Totals:         0       0       0
Total ram usage:        0 bytes
 Hardware stack levels used:    1
 Hardware stack levels required when called:    2
 This function calls:
		Nothing
 This function is called by:
		_read_byte
 This function uses a non-reentrant model


 *************** function _ds18b20_crc8 *****************
 Defined at:
		line 220 in file "ds18b20.c"
 Parameters:    Size  Location     Type
  data_in         1    3[COMRAM] PTR unsigned char 
		 -> ds18b20_readrom@temp_rom(8), scratch(9), 
  num_bytes       1    4[COMRAM] unsigned char 
 Auto vars:     Size  Location     Type
  crc             1    9[COMRAM] unsigned char 
  loop_count      1    8[COMRAM] unsigned char 
  feedback_bit    1    7[COMRAM] unsigned char 
  data            1    6[COMRAM] unsigned char 
  bit_counter     1    5[COMRAM] unsigned char 
 Return value:  Size  Location     Type
                  1    wreg      unsigned char 
 Registers used:
		wreg, fsr2l, fsr2h, status,2, status,0
 Tracked objects:
		On entry : 
		On exit  : 
		Unchanged: 
 Data sizes:     COMRAM   BANK0   BANK1
      Params:         2       0       0
      Locals:         5       0       0
      Temps:          0       0       0
      Totals:         7       0       0
Total ram usage:        7 bytes
 Hardware stack levels used:    1
 Hardware stack levels required when called:    2
 This function calls:
		Nothing
 This function is called by:
		_ds18b20_readTemp
		_ds18b20_readrom
 This function uses a non-reentrant model


 *************** function _ds18b20_get_temp *****************
 Defined at:
		line 197 in file "ds18b20.c"
 Parameters:    Size  Location     Type
  num_dq          1    wreg     unsigned char 
  minus           1    3[COMRAM] PTR unsigned char 
		 -> minus_2(1), minus_1(1), 
 Auto vars:     Size  Location     Type
  num_dq          1    5[COMRAM] unsigned char 
  temp            2    7[COMRAM] unsigned int 
  tmp             1    6[COMRAM] unsigned char 
 Return value:  Size  Location     Type
                  2    3[COMRAM] unsigned int 
 Registers used:
		wreg, fsr2l, fsr2h, status,2, status,0, tblptrl, tblptrh, tblptru, prodl, prodh
 Tracked objects:
		On entry : 
		On exit  : 
		Unchanged: 
 Data sizes:     COMRAM   BANK0   BANK1
      Params:         2       0       0
      Locals:         4       0       0
      Temps:          0       0       0
      Totals:         6       0       0
Total ram usage:        6 bytes
 Hardware stack levels used:    1
 Hardware stack levels required when called:    2
 This function calls:
		Nothing
 This function is called by:
		_main
 This function uses a non-reentrant model


 *************** function ___lwmod *****************
 Defined at:
		line 7 in file "C:\Program Files (x86)\Microchip\xc8\v2.30\pic\sources\c90\common\lwmod.c"
 Parameters:    Size  Location     Type
  dividend        2   10[COMRAM] unsigned int 
  divisor         2   12[COMRAM] unsigned int 
 Auto vars:     Size  Location     Type
  counter         1   14[COMRAM] unsigned char 
 Return value:  Size  Location     Type
                  2   10[COMRAM] unsigned int 
 Registers used:
		wreg, status,2, status,0
 Tracked objects:
		On entry : 
		On exit  : 
		Unchanged: 
 Data sizes:     COMRAM   BANK0   BANK1
      Params:         4       0       0
      Locals:         1       0       0
      Temps:          0       0       0
      Totals:         5       0       0
Total ram usage:        5 bytes
 Hardware stack levels used:    1
 Hardware stack levels required when called:    2
 This function calls:
		Nothing
 This function is called by:
		_main
 This function uses a non-reentrant model


 *************** function ___lwdiv *****************
 Defined at:
		line 7 in file "C:\Program Files (x86)\Microchip\xc8\v2.30\pic\sources\c90\common\lwdiv.c"
 Parameters:    Size  Location     Type
  dividend        2    3[COMRAM] unsigned int 
  divisor         2    5[COMRAM] unsigned int 
 Auto vars:     Size  Location     Type
  quotient        2    7[COMRAM] unsigned int 
  counter         1    9[COMRAM] unsigned char 
 Return value:  Size  Location     Type
                  2    3[COMRAM] unsigned int 
 Registers used:
		wreg, status,2, status,0
 Tracked objects:
		On entry : 
		On exit  : 
		Unchanged: 
 Data sizes:     COMRAM   BANK0   BANK1
      Params:         4       0       0
      Locals:         3       0       0
      Temps:          0       0       0
      Totals:         7       0       0
Total ram usage:        7 bytes
 Hardware stack levels used:    1
 Hardware stack levels required when called:    2
 This function calls:
		Nothing
 This function is called by:
		_main
 This function uses a non-reentrant model


 *************** function ___lbmod *****************
 Defined at:
		line 4 in file "C:\Program Files (x86)\Microchip\xc8\v2.30\pic\sources\c90\common\lbmod.c"
 Parameters:    Size  Location     Type
  dividend        1    wreg     unsigned char 
  divisor         1    7[COMRAM] unsigned char 
 Auto vars:     Size  Location     Type
  dividend        1    8[COMRAM] unsigned char 
  rem             1   10[COMRAM] unsigned char 
  counter         1    9[COMRAM] unsigned char 
 Return value:  Size  Location     Type
                  1    wreg      unsigned char 
 Registers used:
		wreg, status,2, status,0
 Tracked objects:
		On entry : 
		On exit  : 
		Unchanged: 
 Data sizes:     COMRAM   BANK0   BANK1
      Params:         1       0       0
      Locals:         3       0       0
      Temps:          0       0       0
      Totals:         4       0       0
Total ram usage:        4 bytes
 Hardware stack levels used:    1
 Hardware stack levels required when called:    2
 This function calls:
		Nothing
 This function is called by:
		_main
 This function uses a non-reentrant model


 *************** function ___lbdiv *****************
 Defined at:
		line 4 in file "C:\Program Files (x86)\Microchip\xc8\v2.30\pic\sources\c90\common\lbdiv.c"
 Parameters:    Size  Location     Type
  dividend        1    wreg     unsigned char 
  divisor         1    3[COMRAM] unsigned char 
 Auto vars:     Size  Location     Type
  dividend        1    4[COMRAM] unsigned char 
  quotient        1    6[COMRAM] unsigned char 
  counter         1    5[COMRAM] unsigned char 
 Return value:  Size  Location     Type
                  1    wreg      unsigned char 
 Registers used:
		wreg, status,2, status,0
 Tracked objects:
		On entry : 
		On exit  : 
		Unchanged: 
 Data sizes:     COMRAM   BANK0   BANK1
      Params:         1       0       0
      Locals:         3       0       0
      Temps:          0       0       0
      Totals:         4       0       0
Total ram usage:        4 bytes
 Hardware stack levels used:    1
 Hardware stack levels required when called:    2
 This function calls:
		Nothing
 This function is called by:
		_main
 This function uses a non-reentrant model


 *************** function _Main_init *****************
 Defined at:
		line 561 in file "main.c"
 Parameters:    Size  Location     Type
		None
 Auto vars:     Size  Location     Type
		None
 Return value:  Size  Location     Type
                  1    wreg      void 
 Registers used:
		wreg, fsr2l, fsr2h, status,2, status,0, tblptrl, tblptrh, tblptru, prodl, prodh, cstack
 Tracked objects:
		On entry : 
		On exit  : 
		Unchanged: 
 Data sizes:     COMRAM   BANK0   BANK1
      Params:         0       0       0
      Locals:         0       0       0
      Temps:          0       0       0
      Totals:         0       0       0
Total ram usage:        0 bytes
 Hardware stack levels used:    1
 Hardware stack levels required when called:    6
 This function calls:
		_cgrom_char
		_initLCD
		_init_ds18b20
 This function is called by:
		_main
 This function uses a non-reentrant model


 *************** function _init_ds18b20 *****************
 Defined at:
		line 18 in file "ds18b20.c"
 Parameters:    Size  Location     Type
		None
 Auto vars:     Size  Location     Type
  i               1   12[COMRAM] unsigned char 
  q               1   11[COMRAM] unsigned char 
 Return value:  Size  Location     Type
                  1    wreg      void 
 Registers used:
		wreg, fsr2l, fsr2h, status,2, status,0, prodl, prodh, cstack
 Tracked objects:
		On entry : 
		On exit  : 
		Unchanged: 
 Data sizes:     COMRAM   BANK0   BANK1
      Params:         0       0       0
      Locals:         2       0       0
      Temps:          2       0       0
      Totals:         4       0       0
Total ram usage:        4 bytes
 Hardware stack levels used:    1
 Hardware stack levels required when called:    4
 This function calls:
		_ow_reset
		_read_eep
		_write_byte
 This function is called by:
		_Main_init
 This function uses a non-reentrant model


 *************** function _write_byte *****************
 Defined at:
		line 66 in file "onewire.c"
 Parameters:    Size  Location     Type
  val             1    wreg     unsigned char 
 Auto vars:     Size  Location     Type
  val             1    6[COMRAM] unsigned char 
  i               1    8[COMRAM] unsigned char 
  temp            1    7[COMRAM] unsigned char 
 Return value:  Size  Location     Type
                  1    wreg      void 
 Registers used:
		wreg, status,2, status,0, cstack
 Tracked objects:
		On entry : 
		On exit  : 
		Unchanged: 
 Data sizes:     COMRAM   BANK0   BANK1
      Params:         0       0       0
      Locals:         3       0       0
      Temps:          2       0       0
      Totals:         5       0       0
Total ram usage:        5 bytes
 Hardware stack levels used:    1
 Hardware stack levels required when called:    3
 This function calls:
		_write_bit
 This function is called by:
		_init_ds18b20
		_ds18b20_readTemp
		_ds18b20_readrom
 This function uses a non-reentrant model


 *************** function _write_bit *****************
 Defined at:
		line 34 in file "onewire.c"
 Parameters:    Size  Location     Type
  bitval          1    wreg     unsigned char 
 Auto vars:     Size  Location     Type
  bitval          1    3[COMRAM] unsigned char 
 Return value:  Size  Location     Type
                  1    wreg      void 
 Registers used:
		wreg, status,2, status,0, cstack
 Tracked objects:
		On entry : 
		On exit  : 
		Unchanged: 
 Data sizes:     COMRAM   BANK0   BANK1
      Params:         0       0       0
      Locals:         1       0       0
      Temps:          0       0       0
      Totals:         1       0       0
Total ram usage:        1 bytes
 Hardware stack levels used:    1
 Hardware stack levels required when called:    2
 This function calls:
		Nothing
 This function is called by:
		_write_byte
 This function uses a non-reentrant model


 *************** function _read_eep *****************
 Defined at:
		line 25 in file "eeprom.c"
 Parameters:    Size  Location     Type
  address         2    3[COMRAM] unsigned short 
 Auto vars:     Size  Location     Type
		None
 Return value:  Size  Location     Type
                  1    wreg      unsigned char 
 Registers used:
		wreg, status,2
 Tracked objects:
		On entry : 
		On exit  : 
		Unchanged: 
 Data sizes:     COMRAM   BANK0   BANK1
      Params:         2       0       0
      Locals:         0       0       0
      Temps:          0       0       0
      Totals:         2       0       0
Total ram usage:        2 bytes
 Hardware stack levels used:    1
 Hardware stack levels required when called:    2
 This function calls:
		Nothing
 This function is called by:
		_main
		_init_ds18b20
 This function uses a non-reentrant model


 *************** function _ow_reset *****************
 Defined at:
		line 5 in file "onewire.c"
 Parameters:    Size  Location     Type
		None
 Auto vars:     Size  Location     Type
  presence        1    3[COMRAM] unsigned char 
 Return value:  Size  Location     Type
                  1    wreg      unsigned char 
 Registers used:
		wreg, status,2
 Tracked objects:
		On entry : 
		On exit  : 
		Unchanged: 
 Data sizes:     COMRAM   BANK0   BANK1
      Params:         0       0       0
      Locals:         1       0       0
      Temps:          0       0       0
      Totals:         1       0       0
Total ram usage:        1 bytes
 Hardware stack levels used:    1
 Hardware stack levels required when called:    2
 This function calls:
		Nothing
 This function is called by:
		_init_ds18b20
		_ds18b20_readTemp
		_ds18b20_readrom
 This function uses a non-reentrant model


 *************** function _initLCD *****************
 Defined at:
		line 10 in file "hd44780.c"
 Parameters:    Size  Location     Type
		None
 Auto vars:     Size  Location     Type
		None
 Return value:  Size  Location     Type
                  1    wreg      void 
 Registers used:
		wreg, status,2, status,0, cstack
 Tracked objects:
		On entry : 
		On exit  : 
		Unchanged: 
 Data sizes:     COMRAM   BANK0   BANK1
      Params:         0       0       0
      Locals:         0       0       0
      Temps:          1       0       0
      Totals:         1       0       0
Total ram usage:        1 bytes
 Hardware stack levels used:    1
 Hardware stack levels required when called:    5
 This function calls:
		_clearLCD
		_lcdNibble
		_lcdWrite
 This function is called by:
		_Main_init
 This function uses a non-reentrant model


 *************** function _clearLCD *****************
 Defined at:
		line 45 in file "hd44780.c"
 Parameters:    Size  Location     Type
		None
 Auto vars:     Size  Location     Type
		None
 Return value:  Size  Location     Type
                  1    wreg      void 
 Registers used:
		wreg, status,2, status,0, cstack
 Tracked objects:
		On entry : 
		On exit  : 
		Unchanged: 
 Data sizes:     COMRAM   BANK0   BANK1
      Params:         0       0       0
      Locals:         0       0       0
      Temps:          1       0       0
      Totals:         1       0       0
Total ram usage:        1 bytes
 Hardware stack levels used:    1
 Hardware stack levels required when called:    4
 This function calls:
		_lcdWrite
 This function is called by:
		_main
		_initLCD
 This function uses a non-reentrant model


 *************** function _cgrom_char *****************
 Defined at:
		line 127 in file "hd44780.c"
 Parameters:    Size  Location     Type
  symbol          2    7[COMRAM] PTR unsigned char 
		 -> symbol_4(8), 
  address         1    9[COMRAM] unsigned char 
 Auto vars:     Size  Location     Type
  i               1   10[COMRAM] unsigned char 
 Return value:  Size  Location     Type
                  1    wreg      void 
 Registers used:
		wreg, status,2, status,0, tblptrl, tblptrh, tblptru, prodl, prodh, cstack
 Tracked objects:
		On entry : 
		On exit  : 
		Unchanged: 
 Data sizes:     COMRAM   BANK0   BANK1
      Params:         3       0       0
      Locals:         1       0       0
      Temps:          0       0       0
      Totals:         4       0       0
Total ram usage:        4 bytes
 Hardware stack levels used:    1
 Hardware stack levels required when called:    4
 This function calls:
		_lcdWrite
 This function is called by:
		_Main_init
 This function uses a non-reentrant model


 *************** function _lcdWrite *****************
 Defined at:
		line 50 in file "hd44780.c"
 Parameters:    Size  Location     Type
  byte            1    wreg     unsigned char 
  type            1    5[COMRAM] enum E2011
 Auto vars:     Size  Location     Type
  byte            1    6[COMRAM] unsigned char 
 Return value:  Size  Location     Type
                  1    wreg      void 
 Registers used:
		wreg, status,2, status,0, cstack
 Tracked objects:
		On entry : 
		On exit  : 
		Unchanged: 
 Data sizes:     COMRAM   BANK0   BANK1
      Params:         1       0       0
      Locals:         1       0       0
      Temps:          0       0       0
      Totals:         2       0       0
Total ram usage:        2 bytes
 Hardware stack levels used:    1
 Hardware stack levels required when called:    3
 This function calls:
		_lcdNibble
 This function is called by:
		_initLCD
		_clearLCD
		_lcd_gotoxy
		_lcd_putc
		_lcdPrint
		_cgrom_char
 This function uses a non-reentrant model


 *************** function _lcdNibble *****************
 Defined at:
		line 63 in file "hd44780.c"
 Parameters:    Size  Location     Type
  nibble          1    wreg     unsigned char 
 Auto vars:     Size  Location     Type
  nibble          1    4[COMRAM] unsigned char 
 Return value:  Size  Location     Type
                  1    wreg      void 
 Registers used:
		wreg, status,2, status,0
 Tracked objects:
		On entry : 
		On exit  : 
		Unchanged: 
 Data sizes:     COMRAM   BANK0   BANK1
      Params:         0       0       0
      Locals:         1       0       0
      Temps:          1       0       0
      Totals:         2       0       0
Total ram usage:        2 bytes
 Hardware stack levels used:    1
 Hardware stack levels required when called:    2
 This function calls:
		Nothing
 This function is called by:
		_initLCD
		_lcdWrite
 This function uses a non-reentrant model


 *************** function _myIntL *****************
 Defined at:
		line 638 in file "main.c"
 Parameters:    Size  Location     Type
		None
 Auto vars:     Size  Location     Type
		None
 Return value:  Size  Location     Type
                  1    wreg      void 
 Registers used:
		wreg, status,2, status,0
 Tracked objects:
		On entry : 
		On exit  : 
		Unchanged: 
 Data sizes:     COMRAM   BANK0   BANK1
      Params:         0       0       0
      Locals:         0       0       0
      Temps:          3       0       0
      Totals:         3       0       0
Total ram usage:        3 bytes
 Hardware stack levels used:    1
 Hardware stack levels required when called:    1
 This function calls:
		Nothing
 This function is called by:
		Interrupt level 1
 This function uses a non-reentrant model


 *************** function _myIntH *****************
 Defined at:
		line 619 in file "main.c"
 Parameters:    Size  Location     Type
		None
 Auto vars:     Size  Location     Type
		None
 Return value:  Size  Location     Type
                  1    wreg      void 
 Registers used:
		wreg, status,2, status,0
 Tracked objects:
		On entry : 
		On exit  : 
		Unchanged: 
 Data sizes:     COMRAM   BANK0   BANK1
      Params:         0       0       0
      Locals:         0       0       0
      Temps:          0       0       0
      Totals:         0       0       0
Total ram usage:        0 bytes
 Hardware stack levels used:    1
 This function calls:
		Nothing
 This function is called by:
		Interrupt level 2
 This function uses a non-reentrant model



MODULE INFORMATION

Module		Function		Class		Link	Load	Size
C:\Program Files (x86)\Microchip\xc8\v2.30\pic\sources\c90\common\lwdiv.c
		___lwdiv       		CODE           	1366	0000	74

C:\Program Files (x86)\Microchip\xc8\v2.30\pic\sources\c90\common\lwdiv.c estimated size: 74

C:\Program Files (x86)\Microchip\xc8\v2.30\pic\sources\c90\common\lbmod.c
		___lbmod       		CODE           	152E	0000	38

C:\Program Files (x86)\Microchip\xc8\v2.30\pic\sources\c90\common\lbmod.c estimated size: 38

eeprom.c
		_read_eep      		CODE           	164C	0000	18
		_write_eep     		CODE           	1554	0000	36

eeprom.c estimated size: 54

key.c
		_key_GetKey    		CODE           	166A	0000	10
		_key_press     		CODE           	12CE	0000	78

key.c estimated size: 88

onewire.c
		_ow_reset      		CODE           	14FE	0000	48
		_read_bit      		CODE           	1636	0000	22
		_read_byte     		CODE           	142C	0000	54
		_write_bit     		CODE           	15E2	0000	30
		_write_byte    		CODE           	1462	0000	54

onewire.c estimated size: 208

shared
		PL12           		CODE           	0D4E	0000	10
		PL50           		CODE           	0DD0	0000	8
		PL8            		CODE           	0D36	0000	12
		PL22           		CODE           	0D72	0000	6
		PL60           		CODE           	1076	0000	6
		PL32           		CODE           	0D98	0000	10
		PL42           		CODE           	0DB4	0000	10
		PL14           		CODE           	1068	0000	14
		PL52           		CODE           	0DD8	0000	8
		PL24           		CODE           	0FC6	0000	14
		PL62           		CODE           	0DF8	0000	8
		PL34           		CODE           	12C4	0000	10
		PL44           		CODE           	0DBE	0000	6
		PL16           		CODE           	0D58	0000	10
		PL54           		CODE           	0DE0	0000	8
		PL26           		CODE           	0D78	0000	12
		PL36           		CODE           	0DA2	0000	8
		PL46           		CODE           	0DC4	0000	6
		_fract         		MEDIUMCONST    	1EE7	0000	16
		PL18           		CODE           	0D62	0000	10
		PL56           		CODE           	0DE8	0000	8
		PL28           		CODE           	0D84	0000	12
		PL38           		CODE           	1176	0000	10
		PL48           		CODE           	0DCA	0000	6
		PL58           		CODE           	0DF0	0000	8
		__initialization		CODE           	13B0	0000	48
		_symbol_4      		MEDIUMCONST    	1EF7	0000	8
		_HD44780_CYR   		MEDIUMCONST    	1EA7	0000	64
		PL2            		CODE           	0D12	0000	16
		PL10           		CODE           	0D42	0000	12
		PL4            		CODE           	0D22	0000	8
		PL20           		CODE           	0D6C	0000	6
		PL30           		CODE           	0D90	0000	8
		PL6            		CODE           	0D2A	0000	12
		PL40           		CODE           	0DAA	0000	10

shared estimated size: 428

ds18b20.c
		_ds18b20_readrom		CODE           	1268	0000	92
		_ds18b20_crc8  		CODE           	131C	0000	74
		_ds18b20_readTemp		CODE           	0EF8	0000	206
		_ds18b20_get_temp		CODE           	107C	0000	138
		_init_ds18b20  		CODE           	11F4	0000	116

ds18b20.c estimated size: 626

C:\Program Files (x86)\Microchip\xc8\v2.30\pic\sources\c90\common\lbdiv.c
		___lbdiv       		CODE           	1498	0000	52

C:\Program Files (x86)\Microchip\xc8\v2.30\pic\sources\c90\common\lbdiv.c estimated size: 52

hd44780.c
		_lcd_putc      		CODE           	165E	0000	12
		_cgrom_char    		CODE           	14CC	0000	50
		_lcd_gotoxy    		CODE           	1600	0000	28
		_lcdNibble     		CODE           	1106	0000	112
		_lcdWrite      		CODE           	159C	0000	36
		_lcdPrint      		CODE           	0FD4	0000	148
		_initLCD       		CODE           	0E00	0000	248
		_clearLCD      		CODE           	161C	0000	26

hd44780.c estimated size: 660

main.c
		_Main_init     		CODE           	1180	0000	116
		_myIntH        		CODE           	0008	0000	40
		_main          		CODE           	009C	0000	3190
		_Delay_ms      		CODE           	1578	0000	36
		_myIntL        		CODE           	0018	0000	128

main.c estimated size: 3510

C:\Program Files (x86)\Microchip\xc8\v2.30\pic\sources\c90\common\lwmod.c
		___lwmod       		CODE           	13EE	0000	62

C:\Program Files (x86)\Microchip\xc8\v2.30\pic\sources\c90\common\lwmod.c estimated size: 62

