Microchip MPLAB XC8 Compiler V2.30

Linker command line:

-W-3 --edf=C:\Program Files (x86)\Microchip\xc8\v2.30\pic\dat\en_msgs.txt \
  -cn -h+dist/default/production\18f2320.production.sym \
  --cmf=dist/default/production\18f2320.production.cmf -z -Q18F2320 \
  -oC:\Temp\s66cx2 --defsym=__MPLAB_BUILD=1 \
  -Mdist/default/production/18f2320.production.map -E1 -ver=XC8 Compiler \
  --acfsm=1493 -ASTACK=080h-01FFh -pstack=STACK -ACODE=00h-01FFFh \
  -ACONST=00h-01FFFh -ASMALLCONST=0200h-02FFhx30 -AMEDIUMCONST=0200h-01FFFh \
  -ACOMRAM=01h-07Fh -AABS1=00h-01FFh -ABIGRAM=01h-01FFh \
  -ARAM=080h-0FFh,0100h-01FFh -ABANK0=080h-0FFh -ABANK1=0100h-01FFh \
  -ASFR=0F80h-0FFFh -ACONFIG=0300000h-030000Dh -AIDLOC=0200000h-0200007h \
  -AEEDATA=0F00000h-0F000FFh -peeprom_data=EEDATA \
  -preset_vec=00h,intcode=08h,intcodelo=018h,powerup,init -pramtop=0200h \
  -psmallconst=SMALLCONST -pmediumconst=MEDIUMCONST -pconst=CONST \
  -AFARRAM=00h-00h \
  -prdata=COMRAM,nvrram=COMRAM,nvbit=COMRAM,rbss=COMRAM,rbit=COMRAM \
  -pfarbss=FARRAM,fardata=FARRAM,nvFARRAM=FARRAM \
  -pintsave_regs=BIGRAM,bigbss=BIGRAM,bigdata=BIGRAM -pbss=RAM \
  -pidata=CODE,irdata=CODE,ibigdata=CODE,ifardata=CODE -prparam=COMRAM \
  C:\Temp\s66cx8.o dist/default/production\18f2320.production.o 

Object code version is 3.11

Machine type is 18F2320



                Name                               Link     Load   Length Selector   Space Scale
C:\Temp\s66cx8.o
                idloc                            200000   200000        8        0       5
                config                           300000   300000        E        0       4
                init                                 9C       9C        4        C       0
                reset_vec                             0        0        4        0       0
dist/default/production\18f2320.production.o
                intcodelo                            18       18       84        C       0
                intcode                               8        8        6        4       0
                idloc                            200000   200000        8        0       5
                config                           300000   300000        E        0       4
                temp                                 65       65        1        1       1
                mediumconst                        1E92     1E92      16E      F49       0
                intcode_body                       17F6     17F6       22        C       0
                text31                             1734     1734       30        C       0
                text30                             1818     1818       20        C       0
                text29                             1308     1308       7A        C       0
                text28                             17D2     17D2       24        C       0
                text27                             16D2     16D2       32        C       0
                text26                             188E     188E       1A        C       0
                text25                             1002     1002       F8        C       0
                text24                             1704     1704       30        C       0
                text23                             18BE     18BE       12        C       0
                text22                             1838     1838       1E        C       0
                text21                             1668     1668       36        C       0
                text20                             13FA     13FA       74        C       0
                text19                             1872     1872       1C        C       0
                text18                             1382     1382       78        C       0
                text17                             169E     169E       34        C       0
                text16                             1764     1764       26        C       0
                text15                             156C     156C       4A        C       0
                text14                             15F4     15F4       3E        C       0
                text13                             127E     127E       8A        C       0
                text12                             1522     1522       4A        C       0
                text11                             18A8     18A8       16        C       0
                text10                             1632     1632       36        C       0
                text9                              10FA     10FA       DC        C       0
                text8                              17AE     17AE       24        C       0
                text7                              178A     178A       24        C       0
                text6                              146E     146E       66        C       0
                text5                              18DC     18DC        A        C       0
                text4                              14D4     14D4       4E        C       0
                text3                              1856     1856       1C        C       0
                text2                              11D6     11D6       A8        C       0
                text1                              18D0     18D0        C        C       0
                text0                                A0       A0      F62        C       0
                cstackCOMRAM                         43       43       17        1       1
                dataCOMRAM                           5C       5C        9        1       1
                bssCOMRAM                             1        1       42        1       1
                bitbssCOMRAM                        2D0       5A        A        1       1     8
                cinit                              15B6     15B6       3E        C       0
                idataCOMRAM                        18E6     18E6        9        C       0

TOTAL           Name                               Link     Load   Length     Space
        CLASS   STACK          

        CLASS   CODE           
                intcodelo                            18       18       84         0
                intcode                               8        8        6         0
                init                                 9C       9C        4         0
                reset_vec                             0        0        4         0
                intcode_body                       17F6     17F6       22         0
                text31                             1734     1734       30         0
                text30                             1818     1818       20         0
                text29                             1308     1308       7A         0
                text28                             17D2     17D2       24         0
                text27                             16D2     16D2       32         0
                text26                             188E     188E       1A         0
                text25                             1002     1002       F8         0
                text24                             1704     1704       30         0
                text23                             18BE     18BE       12         0
                text22                             1838     1838       1E         0
                text21                             1668     1668       36         0
                text20                             13FA     13FA       74         0
                text19                             1872     1872       1C         0
                text18                             1382     1382       78         0
                text17                             169E     169E       34         0
                text16                             1764     1764       26         0
                text15                             156C     156C       4A         0
                text14                             15F4     15F4       3E         0
                text13                             127E     127E       8A         0
                text12                             1522     1522       4A         0
                text11                             18A8     18A8       16         0
                text10                             1632     1632       36         0
                text9                              10FA     10FA       DC         0
                text8                              17AE     17AE       24         0
                text7                              178A     178A       24         0
                text6                              146E     146E       66         0
                text5                              18DC     18DC        A         0
                text4                              14D4     14D4       4E         0
                text3                              1856     1856       1C         0
                text2                              11D6     11D6       A8         0
                text1                              18D0     18D0        C         0
                text0                                A0       A0      F62         0
                cinit                              15B6     15B6       3E         0
                idataCOMRAM                        18E6     18E6        9         0

        CLASS   CONST          

        CLASS   SMALLCONST     

        CLASS   MEDIUMCONST    
                mediumconst                        1E92     1E92      16E         0

        CLASS   COMRAM         
                temp                                 65       65        1         1
                cstackCOMRAM                         43       43       17         1
                dataCOMRAM                           5C       5C        9         1
                bssCOMRAM                             1        1       42         1
                bitbssCOMRAM                        2D0       5A        A         1

        CLASS   ABS1           

        CLASS   BIGRAM         

        CLASS   RAM            

        CLASS   BANK0          

        CLASS   BANK1          

        CLASS   SFR            

        CLASS   CONFIG         
                config                           300000   300000        E         4

        CLASS   IDLOC          
                idloc                            200000   200000        8         5

        CLASS   EEDATA         

        CLASS   FARRAM         



SEGMENTS        Name                           Load    Length   Top    Selector   Space  Class

                reset_vec                      000000  000004  000004         0       0  CODE    
                bssCOMRAM                      000001  000065  000066         1       1  COMRAM  
                intcode                        000008  000006  00000E         4       0  CODE    
                intcodelo                      000018  0018D7  0018EF         C       0  CODE    
                mediumconst                    001E92  00016E  002000       F49       0  MEDIUMCO


UNUSED ADDRESS RANGES

        Name                Unused          Largest block    Delta
        BANK0            000080-0000FF               80
        BANK1            000100-0001FF              100
        BIGRAM           000066-0001FF              19A
        CODE             000004-000007                4
                         00000E-000017                A
                         0018EF-001E91              5A3
        COMRAM           000066-00007F               1A
        CONST            000004-000007                4
                         00000E-000017                A
                         0018EF-001E91              5A3
        EEDATA           F00000-F000FF              100
        MEDIUMCONST      0018EF-001E91              5A3
        RAM              000080-0001FF               80
        SFR              000F80-000FFF               80
        SMALLCONST       0018EF-001E91              100
        STACK            000080-0001FF              180

                                  Symbol Table

?___lwdiv                  cstackCOMRAM 000046
?___lwmod                  cstackCOMRAM 00004D
?_ds18b20_get_temp         cstackCOMRAM 000046
Delay_ms@delay             cstackCOMRAM 000046
Delay_ms@i                 cstackCOMRAM 000049
EUSART_Write@txData        cstackCOMRAM 000046
EUSART_Write_Str@t         cstackCOMRAM 000047
PL10                       text0        000F30
PL12                       text0        000F3C
PL14                       text0        000F46
PL16                       text0        000F50
PL18                       text0        000F5A
PL2                        text0        000F00
PL20                       text2        00126A
PL22                       text0        000F60
PL24                       text30       00182A
PL26                       text9        0011C8
PL28                       text0        000F66
PL30                       text0        000F72
PL32                       text0        000F7E
PL34                       text0        000F86
PL36                       text29       001378
PL38                       text0        000F8E
PL4                        text0        000F10
PL40                       text0        000F98
PL42                       text0        000FA2
PL44                       text6        0014CA
PL46                       text0        000FAC
PL48                       text0        000FB6
PL50                       text2        001278
PL52                       text0        000FC0
PL54                       text0        000FC8
PL56                       text0        000FCE
PL58                       text0        000FD4
PL6                        text0        000F1C
PL60                       text0        000FDA
PL62                       text0        000FE2
PL64                       text0        000FEA
PL66                       text0        000FF2
PL68                       text0        000FFA
PL8                        text0        000F28
_ADCON1bits                (abs)        000FC1
_Delay_ms                  text8        0017AE
_EEADR                     (abs)        000FA9
_EECON1bits                (abs)        000FA6
_EECON2                    (abs)        000FA7
_EEDATA                    (abs)        000FA8
_EUSART_Write              text31       001734
_EUSART_Write_Str          text30       001818
_HD44780_CYR               mediumconst  001E93
_INTCON2bits               (abs)        000FF1
_INTCONbits                (abs)        000FF2
_IPR1bits                  (abs)        000F9F
_LATA                      (abs)        000F89
_LATAbits                  (abs)        000F89
_LATB                      (abs)        000F8A
_LATC                      (abs)        000F8B
_LATCbits                  (abs)        000F8B
_Main_init                 text18       001382
_OSCCONbits                (abs)        000FD3
_PIE1bits                  (abs)        000F9D
_PIR1bits                  (abs)        000F9E
_PORTA                     (abs)        000F80
_PORTAbits                 (abs)        000F80
_PORTB                     (abs)        000F81
_PORTC                     (abs)        000F82
_RCONbits                  (abs)        000FD0
_RCSTAbits                 (abs)        000FAB
_SPBRG                     (abs)        000FAF
_T0CONbits                 (abs)        000FD5
_T1CON                     (abs)        000FCD
_T1CONbits                 (abs)        000FCD
_TMR0H                     (abs)        000FD7
_TMR0L                     (abs)        000FD6
_TMR1H                     (abs)        000FCF
_TMR1L                     (abs)        000FCE
_TRISA                     (abs)        000F92
_TRISAbits                 (abs)        000F92
_TRISB                     (abs)        000F93
_TRISC                     (abs)        000F94
_TRISCbits                 (abs)        000F94
_TXIF                      (abs)        007CF4
_TXREG                     (abs)        000FAD
_TXSTAbits                 (abs)        000FAC
__HRAM                     (abs)        000000
__Habs1                    abs1         000000
__Hbank0                   bank0        000000
__Hbank1                   bank1        000000
__Hbigbss                  bigbss       000000
__Hbigdata                 bigdata      000000
__Hbigram                  bigram       000000
__HbitbssCOMRAM            bitbssCOMRAM 000000
__Hbss                     bss          000000
__HbssCOMRAM               bssCOMRAM    000000
__Hcinit                   cinit        000000
__Hclrtext                 clrtext      000000
__Hcomram                  comram       000000
__Hconfig                  config       30000E
__Hconst                   const        000000
__HcstackCOMRAM            cstackCOMRAM 000000
__Hdata                    data         000000
__HdataCOMRAM              dataCOMRAM   000000
__Heeprom_data             eeprom_data  000000
__Hfarbss                  farbss       000000
__Hfardata                 fardata      000000
__Hibigdata                ibigdata     000000
__Hidata                   idata        000000
__HidataCOMRAM             idataCOMRAM  000000
__Hidloc                   idloc        200008
__Hifardata                ifardata     000000
__Hinit                    init         0000A0
__Hintcode                 intcode      00000E
__Hintcode_body            intcode_body 000000
__Hintcodelo               intcodelo    00009C
__Hintentry                intentry     000000
__Hintret                  intret       000000
__Hintsave_regs            intsave_regs 000000
__Hirdata                  irdata       000000
__Hmediumconst             mediumconst  002000
__HnvFARRAM                nvFARRAM     000000
__Hnvbit                   nvbit        000000
__Hnvrram                  nvrram       000000
__Hpa_nodes0               pa_nodes0    000000
__Hparam                   rparam       000000
__Hpowerup                 powerup      00009C
__Hram                     ram          000000
__Hramtop                  ramtop       000200
__Hrbit                    rbit         000000
__Hrbss                    rbss         000000
__Hrdata                   rdata        000000
__Hreset_vec               reset_vec    000004
__Hrparam                  rparam       000000
__Hsfr                     sfr          000000
__Hsmallconst              smallconst   000000
__Hspace_0                 (abs)        002000
__Hspace_1                 (abs)        0002DA
__Hspace_2                 (abs)        000000
__Hspace_4                 (abs)        60000E
__Hstack                   stack        000000
__Hstruct                  struct       000000
__Htemp                    temp         000066
__Htext                    text         000000
__Htext0                   text0        000000
__Htext1                   text1        000000
__Htext10                  text10       000000
__Htext11                  text11       000000
__Htext12                  text12       000000
__Htext13                  text13       000000
__Htext14                  text14       000000
__Htext15                  text15       000000
__Htext16                  text16       000000
__Htext17                  text17       000000
__Htext18                  text18       000000
__Htext19                  text19       000000
__Htext2                   text2        000000
__Htext20                  text20       000000
__Htext21                  text21       000000
__Htext22                  text22       000000
__Htext23                  text23       000000
__Htext24                  text24       000000
__Htext25                  text25       000000
__Htext26                  text26       000000
__Htext27                  text27       000000
__Htext28                  text28       000000
__Htext29                  text29       000000
__Htext3                   text3        000000
__Htext30                  text30       000000
__Htext31                  text31       000000
__Htext4                   text4        000000
__Htext5                   text5        000000
__Htext6                   text6        000000
__Htext7                   text7        000000
__Htext8                   text8        000000
__Htext9                   text9        000000
__LRAM                     (abs)        000001
__Labs1                    abs1         000000
__Lbank0                   bank0        000000
__Lbank1                   bank1        000000
__Lbigbss                  bigbss       000000
__Lbigdata                 bigdata      000000
__Lbigram                  bigram       000000
__LbitbssCOMRAM            bitbssCOMRAM 000000
__Lbss                     bss          000000
__LbssCOMRAM               bssCOMRAM    000000
__Lcinit                   cinit        000000
__Lclrtext                 clrtext      000000
__Lcomram                  comram       000000
__Lconfig                  config       000000
__Lconst                   const        000000
__LcstackCOMRAM            cstackCOMRAM 000000
__Ldata                    data         000000
__LdataCOMRAM              dataCOMRAM   000000
__Leeprom_data             eeprom_data  000000
__Lfarbss                  farbss       000000
__Lfardata                 fardata      000000
__Libigdata                ibigdata     000000
__Lidata                   idata        000000
__LidataCOMRAM             idataCOMRAM  000000
__Lidloc                   idloc        000000
__Lifardata                ifardata     000000
__Linit                    init         00009C
__Lintcode                 intcode      000008
__Lintcode_body            intcode_body 000000
__Lintcodelo               intcodelo    000018
__Lintentry                intentry     000000
__Lintret                  intret       000000
__Lintsave_regs            intsave_regs 000000
__Lirdata                  irdata       000000
__Lmediumconst             mediumconst  001E92
__LnvFARRAM                nvFARRAM     000000
__Lnvbit                   nvbit        000000
__Lnvrram                  nvrram       000000
__Lpa_nodes0               pa_nodes0    000000
__Lparam                   rparam       000000
__Lpowerup                 powerup      00009C
__Lram                     ram          000000
__Lramtop                  ramtop       000200
__Lrbit                    rbit         000000
__Lrbss                    rbss         000000
__Lrdata                   rdata        000000
__Lreset_vec               reset_vec    000000
__Lrparam                  rparam       000000
__Lsfr                     sfr          000000
__Lsmallconst              smallconst   000000
__Lspace_0                 (abs)        000000
__Lspace_1                 (abs)        000000
__Lspace_2                 (abs)        000000
__Lspace_4                 (abs)        000000
__Lstack                   stack        000000
__Lstruct                  struct       000000
__Ltemp                    temp         000065
__Ltext                    text         000000
__Ltext0                   text0        000000
__Ltext1                   text1        000000
__Ltext10                  text10       000000
__Ltext11                  text11       000000
__Ltext12                  text12       000000
__Ltext13                  text13       000000
__Ltext14                  text14       000000
__Ltext15                  text15       000000
__Ltext16                  text16       000000
__Ltext17                  text17       000000
__Ltext18                  text18       000000
__Ltext19                  text19       000000
__Ltext2                   text2        000000
__Ltext20                  text20       000000
__Ltext21                  text21       000000
__Ltext22                  text22       000000
__Ltext23                  text23       000000
__Ltext24                  text24       000000
__Ltext25                  text25       000000
__Ltext26                  text26       000000
__Ltext27                  text27       000000
__Ltext28                  text28       000000
__Ltext29                  text29       000000
__Ltext3                   text3        000000
__Ltext30                  text30       000000
__Ltext31                  text31       000000
__Ltext4                   text4        000000
__Ltext5                   text5        000000
__Ltext6                   text6        000000
__Ltext7                   text7        000000
__Ltext8                   text8        000000
__Ltext9                   text9        000000
__S0                       (abs)        002000
__S1                       (abs)        000066
__S2                       (abs)        000000
__S4                       (abs)        000000
__S5                       (abs)        000000
___inthi_sp                stack        000000
___intlo_sp                stack        000000
___lbdiv                   text17       00169E
___lbdiv@counter           cstackCOMRAM 000048
___lbdiv@dividend          cstackCOMRAM 000047
___lbdiv@divisor           cstackCOMRAM 000046
___lbdiv@quotient          cstackCOMRAM 000049
___lbmod                   text16       001764
___lbmod@counter           cstackCOMRAM 00004C
___lbmod@dividend          cstackCOMRAM 00004B
___lbmod@divisor           cstackCOMRAM 00004A
___lbmod@rem               cstackCOMRAM 00004D
___lwdiv                   text15       00156C
___lwdiv@counter           cstackCOMRAM 00004C
___lwdiv@dividend          cstackCOMRAM 000046
___lwdiv@divisor           cstackCOMRAM 000048
___lwdiv@quotient          cstackCOMRAM 00004A
___lwmod                   text14       0015F4
___lwmod@counter           cstackCOMRAM 000051
___lwmod@dividend          cstackCOMRAM 00004D
___lwmod@divisor           cstackCOMRAM 00004F
___param_bank              (abs)        000000
___rparam_used             (abs)        000001
___sp                      stack        000000
__accesstop                (abs)        000080
__activetblptr             (abs)        000002
__end_ofPL10               text0        000F3C
__end_ofPL12               text0        000F46
__end_ofPL14               text0        000F50
__end_ofPL16               text0        000F5A
__end_ofPL18               text0        000F60
__end_ofPL2                text0        000F10
__end_ofPL20               text2        001278
__end_ofPL22               text0        000F66
__end_ofPL24               text30       001838
__end_ofPL26               text9        0011D6
__end_ofPL28               text0        000F72
__end_ofPL30               text0        000F7E
__end_ofPL32               text0        000F86
__end_ofPL34               text0        000F8E
__end_ofPL36               text29       001382
__end_ofPL38               text0        000F98
__end_ofPL4                text0        000F1C
__end_ofPL40               text0        000FA2
__end_ofPL42               text0        000FAC
__end_ofPL44               text6        0014D4
__end_ofPL46               text0        000FB6
__end_ofPL48               text0        000FC0
__end_ofPL50               text2        00127E
__end_ofPL52               text0        000FC8
__end_ofPL54               text0        000FCE
__end_ofPL56               text0        000FD4
__end_ofPL58               text0        000FDA
__end_ofPL6                text0        000F28
__end_ofPL60               text0        000FE2
__end_ofPL62               text0        000FEA
__end_ofPL64               text0        000FF2
__end_ofPL66               text0        000FFA
__end_ofPL68               text0        001002
__end_ofPL8                text0        000F30
__end_of_Delay_ms          text8        0017D2
__end_of_EUSART_Write      text31       001764
__end_of_EUSART_Write_Str  text30       00182A
__end_of_HD44780_CYR       mediumconst  001ED3
__end_of_Main_init         text18       0013FA
__end_of___lbdiv           text17       0016D2
__end_of___lbmod           text16       00178A
__end_of___lwdiv           text15       0015B6
__end_of___lwmod           text14       001632
__end_of__initialization   cinit        0015E6
__end_of_cgrom_char        text27       001704
__end_of_clearLCD          text26       0018A8
__end_of_ds18b20_crc8      text12       00156C
__end_of_ds18b20_get_temp  text13       001308
__end_of_ds18b20_readTemp  text9        0011C8
__end_of_ds18b20_readrom   text6        0014CA
__end_of_fract             mediumconst  001EE3
__end_of_initLCD           text25       0010FA
__end_of_init_ds18b20      text20       00146E
__end_of_init_uart         text19       00188E
__end_of_key_GetKey        text5        0018E6
__end_of_key_press         text4        001522
__end_of_lcdNibble         text29       001378
__end_of_lcdPrint          text2        00126A
__end_of_lcdWrite          text28       0017F6
__end_of_lcd_gotoxy        text3        001872
__end_of_lcd_putc          text1        0018DC
__end_of_main              text0        000F00
__end_of_myIntH            intcode_body 001818
__end_of_myIntL            intcodelo    00009C
__end_of_ow_reset          text24       001734
__end_of_read_bit          text11       0018BE
__end_of_read_byte         text10       001668
__end_of_read_eep          text23       0018D0
__end_of_symbol_4          mediumconst  001EEB
__end_of_write_bit         text22       001856
__end_of_write_byte        text21       00169E
__end_of_write_eep         text7        0017AE
__initialization           cinit        0015B6
__mediumconst              mediumconst  001E92
__pbitbssCOMRAM            bitbssCOMRAM 0002D0
__pbssCOMRAM               bssCOMRAM    000001
__pcinit                   cinit        0015B6
__pcstackCOMRAM            cstackCOMRAM 000043
__pdataCOMRAM              dataCOMRAM   00005C
__pidataCOMRAM             idataCOMRAM  0018E6
__pintcode                 intcode      000008
__pintcode_body            intcode_body 0017F6
__pintcodelo               intcodelo    000018
__pmediumconst             mediumconst  001E92
__ptext0                   text0        0000A0
__ptext1                   text1        0018D0
__ptext10                  text10       001632
__ptext11                  text11       0018A8
__ptext12                  text12       001522
__ptext13                  text13       00127E
__ptext14                  text14       0015F4
__ptext15                  text15       00156C
__ptext16                  text16       001764
__ptext17                  text17       00169E
__ptext18                  text18       001382
__ptext19                  text19       001872
__ptext2                   text2        0011D6
__ptext20                  text20       0013FA
__ptext21                  text21       001668
__ptext22                  text22       001838
__ptext23                  text23       0018BE
__ptext24                  text24       001704
__ptext25                  text25       001002
__ptext26                  text26       00188E
__ptext27                  text27       0016D2
__ptext28                  text28       0017D2
__ptext29                  text29       001308
__ptext3                   text3        001856
__ptext30                  text30       001818
__ptext31                  text31       001734
__ptext4                   text4        0014D4
__ptext5                   text5        0018DC
__ptext6                   text6        00146E
__ptext7                   text7        00178A
__ptext8                   text8        0017AE
__ptext9                   text9        0010FA
__ramtop                   ramtop       000200
__size_of_Delay_ms         (abs)        000000
__size_of_EUSART_Write     (abs)        000000
__size_of_EUSART_Write_Str (abs)        000000
__size_of_Main_init        (abs)        000000
__size_of___lbdiv          (abs)        000000
__size_of___lbmod          (abs)        000000
__size_of___lwdiv          (abs)        000000
__size_of___lwmod          (abs)        000000
__size_of_cgrom_char       (abs)        000000
__size_of_clearLCD         (abs)        000000
__size_of_ds18b20_crc8     (abs)        000000
__size_of_ds18b20_get_temp (abs)        000000
__size_of_ds18b20_readTemp (abs)        000000
__size_of_ds18b20_readrom  (abs)        000000
__size_of_initLCD          (abs)        000000
__size_of_init_ds18b20     (abs)        000000
__size_of_init_uart        (abs)        000000
__size_of_key_GetKey       (abs)        000000
__size_of_key_press        (abs)        000000
__size_of_lcdNibble        (abs)        000000
__size_of_lcdPrint         (abs)        000000
__size_of_lcdWrite         (abs)        000000
__size_of_lcd_gotoxy       (abs)        000000
__size_of_lcd_putc         (abs)        000000
__size_of_main             (abs)        000000
__size_of_myIntH           (abs)        000000
__size_of_myIntL           (abs)        000000
__size_of_ow_reset         (abs)        000000
__size_of_read_bit         (abs)        000000
__size_of_read_byte        (abs)        000000
__size_of_read_eep         (abs)        000000
__size_of_write_bit        (abs)        000000
__size_of_write_byte       (abs)        000000
__size_of_write_eep        (abs)        000000
__smallconst               smallconst   000000
_cgrom_char                text27       0016D2
_clearLCD                  text26       00188E
_dq_num                    dataCOMRAM   000060
_ds18b20_crc8              text12       001522
_ds18b20_get_temp          text13       00127E
_ds18b20_readTemp          text9        0010FA
_ds18b20_readrom           text6        00146E
_en_snd_b                  bitbssCOMRAM 0002D0
_en_snd_k                  bitbssCOMRAM 0002D1
_en_sound                  bitbssCOMRAM 0002D8
_eusartRxCount             bssCOMRAM    00002B
_eusartTxBuffer            bssCOMRAM    000001
_eusartTxBufferRemaining   bssCOMRAM    00002C
_eusartTxHead              bssCOMRAM    00002D
_fract                     mediumconst  001ED3
_initLCD                   text25       001002
_init_ds18b20              text20       0013FA
_init_uart                 text19       001872
_key_GetKey                text5        0018DC
_key_press                 text4        0014D4
_key_pressed               bssCOMRAM    00002E
_lcdNibble                 text29       001308
_lcdPrint                  text2        0011D6
_lcdWrite                  text28       0017D2
_lcd_gotoxy                text3        001856
_lcd_putc                  text1        0018D0
_main                      text0        0000A0
_minus_1                   dataCOMRAM   000064
_minus_2                   dataCOMRAM   000063
_myIntH                    intcode      000008
_myIntL                    intcodelo    000018
_ow_reset                  text24       001704
_pressed_key               bssCOMRAM    000035
_read_bit                  text11       0018A8
_read_byte                 text10       001632
_read_eep                  text23       0018BE
_read_key                  bitbssCOMRAM 0002D9
_rom_dq                    bssCOMRAM    000011
_scratch                   bssCOMRAM    000038
_select                    dataCOMRAM   000062
_set_t_dq1_dwn             bssCOMRAM    000032
_set_t_dq1_up              bssCOMRAM    000033
_set_t_dq2                 bssCOMRAM    000029
_set_t_dq2_10              bssCOMRAM    000030
_set_t_dq2_100             bssCOMRAM    000031
_snd_all                   bitbssCOMRAM 0002D4
_snd_b                     bitbssCOMRAM 0002D5
_snd_b_b                   bitbssCOMRAM 0002D2
_snd_k                     bitbssCOMRAM 0002D6
_snd_k_b                   bitbssCOMRAM 0002D3
_sound_yes                 bitbssCOMRAM 0002D7
_sub_main                  dataCOMRAM   000061
_sub_sel                   bssCOMRAM    000034
_symbol_4                  mediumconst  001EE3
_temp1_fix                 bssCOMRAM    000027
_temp_ready                bssCOMRAM    000021
_temperature_1             dataCOMRAM   00005E
_temperature_2             dataCOMRAM   00005C
_tik_time                  bssCOMRAM    000037
_tik_time_b                bssCOMRAM    000036
_time_flag                 bssCOMRAM    000041
_timer_val                 bssCOMRAM    000042
_write_bit                 text22       001838
_write_byte                text21       001668
_write_eep                 text7        00178A
btemp                      temp         000065
cgrom_char@address         cstackCOMRAM 00004C
cgrom_char@i               cstackCOMRAM 00004D
cgrom_char@symbol          cstackCOMRAM 00004A
ds18b20_crc8@bit_counter   cstackCOMRAM 000048
ds18b20_crc8@crc           cstackCOMRAM 00004C
ds18b20_crc8@data          cstackCOMRAM 000049
ds18b20_crc8@data_in       cstackCOMRAM 000046
ds18b20_crc8@feedback_bit  cstackCOMRAM 00004A
ds18b20_crc8@loop_count    cstackCOMRAM 00004B
ds18b20_crc8@num_bytes     cstackCOMRAM 000047
ds18b20_get_temp@minus     cstackCOMRAM 000046
ds18b20_get_temp@num_dq    cstackCOMRAM 000048
ds18b20_get_temp@temp      cstackCOMRAM 00004A
ds18b20_get_temp@tmp       cstackCOMRAM 000049
ds18b20_readTemp@i         cstackCOMRAM 000054
ds18b20_readTemp@j         cstackCOMRAM 000053
ds18b20_readTemp@temp      cstackCOMRAM 000051
ds18b20_readTemp@time_flag cstackCOMRAM 00004D
ds18b20_readTemp@timer_val cstackCOMRAM 00004E
ds18b20_readrom@i          cstackCOMRAM 000056
ds18b20_readrom@num_dq     cstackCOMRAM 000055
ds18b20_readrom@temp_rom   cstackCOMRAM 00004D
end_of_initialization      cinit        0015E6
init_ds18b20@i             cstackCOMRAM 00004F
init_ds18b20@q             cstackCOMRAM 00004E
int$flags                  temp         000065
int_func                   intcode_body 0017F6
intlevel0                  text         000000
intlevel1                  text         000000
intlevel2                  text         000000
intlevel3                  text         000000
key_GetKey@key             cstackCOMRAM 000046
key_press@count            bssCOMRAM    000025
key_press@key              cstackCOMRAM 000046
lcdNibble@nibble           cstackCOMRAM 000047
lcdPrint@t                 cstackCOMRAM 00004D
lcdWrite@byte              cstackCOMRAM 000049
lcdWrite@type              cstackCOMRAM 000048
lcd_gotoxy@address         cstackCOMRAM 00004C
lcd_gotoxy@x               cstackCOMRAM 00004B
lcd_gotoxy@y               cstackCOMRAM 00004A
lcd_putc@c                 cstackCOMRAM 00004A
myIntL@snd_delay           bssCOMRAM    00002F
ow_reset@presence          cstackCOMRAM 000046
read_byte@i                cstackCOMRAM 000049
read_byte@val              cstackCOMRAM 000048
read_eep@address           cstackCOMRAM 000046
stackhi                    (abs)        0001FF
stacklo                    (abs)        000080
start                      init         00009C
start_initialization       cinit        0015B6
ttemp5                     temp         000066
ttemp6                     temp         000069
ttemp7                     temp         00006D
write_bit@bitval           cstackCOMRAM 000046
write_byte@i               cstackCOMRAM 00004B
write_byte@temp            cstackCOMRAM 00004A
write_byte@val             cstackCOMRAM 000049
write_eep@address          cstackCOMRAM 000047
write_eep@data             cstackCOMRAM 000046
wtemp8                     temp         000066


FUNCTION INFORMATION:

 *************** function _main *****************
 Defined at:
		line 37 in file "main.c"
 Parameters:    Size  Location     Type
		None
 Auto vars:     Size  Location     Type
		None
 Return value:  Size  Location     Type
                  1    wreg      void 
 Registers used:
		wreg, fsr2l, fsr2h, status,2, status,0, tblptrl, tblptrh, tblptru, prodl, prodh, cstack
 Tracked objects:
		On entry : 
		On exit  : 
		Unchanged: 
 Data sizes:     COMRAM   BANK0   BANK1
      Params:         0       0       0
      Locals:         0       0       0
      Temps:          3       0       0
      Totals:         3       0       0
Total ram usage:        3 bytes
 Hardware stack levels required when called:    7
 This function calls:
		_Delay_ms
		_EUSART_Write
		_EUSART_Write_Str
		_Main_init
		___lbdiv
		___lbmod
		___lwdiv
		___lwmod
		_clearLCD
		_ds18b20_get_temp
		_ds18b20_readTemp
		_ds18b20_readrom
		_key_GetKey
		_key_press
		_lcdPrint
		_lcd_gotoxy
		_lcd_putc
		_read_eep
		_write_eep
 This function is called by:
		Startup code after reset
 This function uses a non-reentrant model


 *************** function _lcd_putc *****************
 Defined at:
		line 90 in file "hd44780.c"
 Parameters:    Size  Location     Type
  c               1    wreg     unsigned char 
 Auto vars:     Size  Location     Type
  c               1    7[COMRAM] unsigned char 
 Return value:  Size  Location     Type
                  1    wreg      void 
 Registers used:
		wreg, status,2, status,0, cstack
 Tracked objects:
		On entry : 
		On exit  : 
		Unchanged: 
 Data sizes:     COMRAM   BANK0   BANK1
      Params:         0       0       0
      Locals:         1       0       0
      Temps:          0       0       0
      Totals:         1       0       0
Total ram usage:        1 bytes
 Hardware stack levels used:    1
 Hardware stack levels required when called:    4
 This function calls:
		_lcdWrite
 This function is called by:
		_main
 This function uses a non-reentrant model


 *************** function _lcdPrint *****************
 Defined at:
		line 96 in file "hd44780.c"
 Parameters:    Size  Location     Type
  t               2   10[COMRAM] PTR const unsigned char 
		 -> STR_26(16), STR_25(15), STR_24(11), STR_23(13), 
		 -> STR_22(11), STR_21(13), STR_20(15), STR_19(15), 
		 -> STR_18(14), STR_17(16), STR_16(16), STR_15(16), 
		 -> STR_14(7), STR_13(8), STR_12(8), STR_4(13), 
		 -> STR_3(16), STR_2(16), STR_1(16), 
 Auto vars:     Size  Location     Type
		None
 Return value:  Size  Location     Type
                  1    wreg      void 
 Registers used:
		wreg, status,2, status,0, tblptrl, tblptrh, tblptru, cstack
 Tracked objects:
		On entry : 
		On exit  : 
		Unchanged: 
 Data sizes:     COMRAM   BANK0   BANK1
      Params:         2       0       0
      Locals:         0       0       0
      Temps:          4       0       0
      Totals:         6       0       0
Total ram usage:        6 bytes
 Hardware stack levels used:    1
 Hardware stack levels required when called:    5
 This function calls:
		_lcdWrite
		_lcd_gotoxy
 This function is called by:
		_main
 This function uses a non-reentrant model


 *************** function _lcd_gotoxy *****************
 Defined at:
		line 76 in file "hd44780.c"
 Parameters:    Size  Location     Type
  x               1    wreg     unsigned char 
  y               1    7[COMRAM] unsigned char 
 Auto vars:     Size  Location     Type
  x               1    8[COMRAM] unsigned char 
  address         1    9[COMRAM] unsigned char 
 Return value:  Size  Location     Type
                  1    wreg      void 
 Registers used:
		wreg, status,2, status,0, cstack
 Tracked objects:
		On entry : 
		On exit  : 
		Unchanged: 
 Data sizes:     COMRAM   BANK0   BANK1
      Params:         1       0       0
      Locals:         2       0       0
      Temps:          0       0       0
      Totals:         3       0       0
Total ram usage:        3 bytes
 Hardware stack levels used:    1
 Hardware stack levels required when called:    4
 This function calls:
		_lcdWrite
 This function is called by:
		_main
		_lcdPrint
 This function uses a non-reentrant model


 *************** function _key_press *****************
 Defined at:
		line 5 in file "key.c"
 Parameters:    Size  Location     Type
		None
 Auto vars:     Size  Location     Type
  key             1    3[COMRAM] unsigned char 
 Return value:  Size  Location     Type
                  1    wreg      void 
 Registers used:
		wreg, status,2, status,0
 Tracked objects:
		On entry : 
		On exit  : 
		Unchanged: 
 Data sizes:     COMRAM   BANK0   BANK1
      Params:         0       0       0
      Locals:         1       0       0
      Temps:          0       0       0
      Totals:         1       0       0
Total ram usage:        1 bytes
 Hardware stack levels used:    1
 Hardware stack levels required when called:    2
 This function calls:
		Nothing
 This function is called by:
		_main
 This function uses a non-reentrant model


 *************** function _key_GetKey *****************
 Defined at:
		line 48 in file "key.c"
 Parameters:    Size  Location     Type
		None
 Auto vars:     Size  Location     Type
  key             1    3[COMRAM] unsigned char 
 Return value:  Size  Location     Type
                  1    wreg      unsigned char 
 Registers used:
		wreg, status,2
 Tracked objects:
		On entry : 
		On exit  : 
		Unchanged: 
 Data sizes:     COMRAM   BANK0   BANK1
      Params:         0       0       0
      Locals:         1       0       0
      Temps:          0       0       0
      Totals:         1       0       0
Total ram usage:        1 bytes
 Hardware stack levels used:    1
 Hardware stack levels required when called:    2
 This function calls:
		Nothing
 This function is called by:
		_main
 This function uses a non-reentrant model


 *************** function _ds18b20_readrom *****************
 Defined at:
		line 172 in file "ds18b20.c"
 Parameters:    Size  Location     Type
  num_dq          1    wreg     unsigned char 
 Auto vars:     Size  Location     Type
  num_dq          1   18[COMRAM] unsigned char 
  temp_rom        8   10[COMRAM] unsigned char [8]
  i               1   19[COMRAM] unsigned char 
 Return value:  Size  Location     Type
                  1    wreg      unsigned char 
 Registers used:
		wreg, fsr2l, fsr2h, status,2, status,0, prodl, prodh, cstack
 Tracked objects:
		On entry : 
		On exit  : 
		Unchanged: 
 Data sizes:     COMRAM   BANK0   BANK1
      Params:         0       0       0
      Locals:        10       0       0
      Temps:          0       0       0
      Totals:        10       0       0
Total ram usage:       10 bytes
 Hardware stack levels used:    1
 Hardware stack levels required when called:    4
 This function calls:
		_Delay_ms
		_ds18b20_crc8
		_ow_reset
		_read_byte
		_write_byte
		_write_eep
 This function is called by:
		_main
 This function uses a non-reentrant model


 *************** function _write_eep *****************
 Defined at:
		line 5 in file "eeprom.c"
 Parameters:    Size  Location     Type
  address         1    wreg     unsigned char 
  data            1    3[COMRAM] unsigned char 
 Auto vars:     Size  Location     Type
  address         1    4[COMRAM] unsigned char 
 Return value:  Size  Location     Type
                  1    wreg      void 
 Registers used:
		wreg, status,2
 Tracked objects:
		On entry : 
		On exit  : 
		Unchanged: 
 Data sizes:     COMRAM   BANK0   BANK1
      Params:         1       0       0
      Locals:         1       0       0
      Temps:          0       0       0
      Totals:         2       0       0
Total ram usage:        2 bytes
 Hardware stack levels used:    1
 Hardware stack levels required when called:    2
 This function calls:
		Nothing
 This function is called by:
		_main
		_ds18b20_readrom
 This function uses a non-reentrant model


 *************** function _Delay_ms *****************
 Defined at:
		line 673 in file "main.c"
 Parameters:    Size  Location     Type
  delay           2    3[COMRAM] unsigned int 
 Auto vars:     Size  Location     Type
  i               2    6[COMRAM] unsigned int 
 Return value:  Size  Location     Type
                  1    wreg      void 
 Registers used:
		wreg, status,2, status,0
 Tracked objects:
		On entry : 
		On exit  : 
		Unchanged: 
 Data sizes:     COMRAM   BANK0   BANK1
      Params:         2       0       0
      Locals:         2       0       0
      Temps:          1       0       0
      Totals:         5       0       0
Total ram usage:        5 bytes
 Hardware stack levels used:    1
 Hardware stack levels required when called:    2
 This function calls:
		Nothing
 This function is called by:
		_main
		_ds18b20_readrom
 This function uses a non-reentrant model


 *************** function _ds18b20_readTemp *****************
 Defined at:
		line 117 in file "ds18b20.c"
 Parameters:    Size  Location     Type
  time_flag       1   10[COMRAM] PTR unsigned char 
		 -> time_flag(1), 
  timer_val       1   11[COMRAM] PTR unsigned char 
		 -> timer_val(1), 
 Auto vars:     Size  Location     Type
  j               1   16[COMRAM] unsigned char 
  temp            2   14[COMRAM] unsigned int 
  i               1   17[COMRAM] unsigned char 
 Return value:  Size  Location     Type
                  1    wreg      unsigned char 
 Registers used:
		wreg, fsr2l, fsr2h, status,2, status,0, prodl, prodh, cstack
 Tracked objects:
		On entry : 
		On exit  : 
		Unchanged: 
 Data sizes:     COMRAM   BANK0   BANK1
      Params:         2       0       0
      Locals:         4       0       0
      Temps:          2       0       0
      Totals:         8       0       0
Total ram usage:        8 bytes
 Hardware stack levels used:    1
 Hardware stack levels required when called:    4
 This function calls:
		_ds18b20_crc8
		_ow_reset
		_read_byte
		_write_byte
 This function is called by:
		_main
 This function uses a non-reentrant model


 *************** function _read_byte *****************
 Defined at:
		line 50 in file "onewire.c"
 Parameters:    Size  Location     Type
		None
 Auto vars:     Size  Location     Type
  i               1    6[COMRAM] unsigned char 
  val             1    5[COMRAM] unsigned char 
 Return value:  Size  Location     Type
                  1    wreg      unsigned char 
 Registers used:
		wreg, status,2, status,0, cstack
 Tracked objects:
		On entry : 
		On exit  : 
		Unchanged: 
 Data sizes:     COMRAM   BANK0   BANK1
      Params:         0       0       0
      Locals:         2       0       0
      Temps:          2       0       0
      Totals:         4       0       0
Total ram usage:        4 bytes
 Hardware stack levels used:    1
 Hardware stack levels required when called:    3
 This function calls:
		_read_bit
 This function is called by:
		_ds18b20_readTemp
		_ds18b20_readrom
 This function uses a non-reentrant model


 *************** function _read_bit *****************
 Defined at:
		line 22 in file "onewire.c"
 Parameters:    Size  Location     Type
		None
 Auto vars:     Size  Location     Type
		None
 Return value:  Size  Location     Type
                  1    wreg      unsigned char 
 Registers used:
		wreg
 Tracked objects:
		On entry : 
		On exit  : 
		Unchanged: 
 Data sizes:     COMRAM   BANK0   BANK1
      Params:         0       0       0
      Locals:         0       0       0
      Temps:          0       0       0
      Totals:         0       0       0
Total ram usage:        0 bytes
 Hardware stack levels used:    1
 Hardware stack levels required when called:    2
 This function calls:
		Nothing
 This function is called by:
		_read_byte
 This function uses a non-reentrant model


 *************** function _ds18b20_crc8 *****************
 Defined at:
		line 221 in file "ds18b20.c"
 Parameters:    Size  Location     Type
  data_in         1    3[COMRAM] PTR unsigned char 
		 -> ds18b20_readrom@temp_rom(8), scratch(9), 
  num_bytes       1    4[COMRAM] unsigned char 
 Auto vars:     Size  Location     Type
  crc             1    9[COMRAM] unsigned char 
  loop_count      1    8[COMRAM] unsigned char 
  feedback_bit    1    7[COMRAM] unsigned char 
  data            1    6[COMRAM] unsigned char 
  bit_counter     1    5[COMRAM] unsigned char 
 Return value:  Size  Location     Type
                  1    wreg      unsigned char 
 Registers used:
		wreg, fsr2l, fsr2h, status,2, status,0
 Tracked objects:
		On entry : 
		On exit  : 
		Unchanged: 
 Data sizes:     COMRAM   BANK0   BANK1
      Params:         2       0       0
      Locals:         5       0       0
      Temps:          0       0       0
      Totals:         7       0       0
Total ram usage:        7 bytes
 Hardware stack levels used:    1
 Hardware stack levels required when called:    2
 This function calls:
		Nothing
 This function is called by:
		_ds18b20_readTemp
		_ds18b20_readrom
 This function uses a non-reentrant model


 *************** function _ds18b20_get_temp *****************
 Defined at:
		line 198 in file "ds18b20.c"
 Parameters:    Size  Location     Type
  num_dq          1    wreg     unsigned char 
  minus           1    3[COMRAM] PTR unsigned char 
		 -> minus_2(1), minus_1(1), 
 Auto vars:     Size  Location     Type
  num_dq          1    5[COMRAM] unsigned char 
  temp            2    7[COMRAM] unsigned int 
  tmp             1    6[COMRAM] unsigned char 
 Return value:  Size  Location     Type
                  2    3[COMRAM] unsigned int 
 Registers used:
		wreg, fsr2l, fsr2h, status,2, status,0, tblptrl, tblptrh, tblptru, prodl, prodh
 Tracked objects:
		On entry : 
		On exit  : 
		Unchanged: 
 Data sizes:     COMRAM   BANK0   BANK1
      Params:         2       0       0
      Locals:         4       0       0
      Temps:          0       0       0
      Totals:         6       0       0
Total ram usage:        6 bytes
 Hardware stack levels used:    1
 Hardware stack levels required when called:    2
 This function calls:
		Nothing
 This function is called by:
		_main
 This function uses a non-reentrant model


 *************** function ___lwmod *****************
 Defined at:
		line 7 in file "C:\Program Files (x86)\Microchip\xc8\v2.30\pic\sources\c90\common\lwmod.c"
 Parameters:    Size  Location     Type
  dividend        2   10[COMRAM] unsigned int 
  divisor         2   12[COMRAM] unsigned int 
 Auto vars:     Size  Location     Type
  counter         1   14[COMRAM] unsigned char 
 Return value:  Size  Location     Type
                  2   10[COMRAM] unsigned int 
 Registers used:
		wreg, status,2, status,0
 Tracked objects:
		On entry : 
		On exit  : 
		Unchanged: 
 Data sizes:     COMRAM   BANK0   BANK1
      Params:         4       0       0
      Locals:         1       0       0
      Temps:          0       0       0
      Totals:         5       0       0
Total ram usage:        5 bytes
 Hardware stack levels used:    1
 Hardware stack levels required when called:    2
 This function calls:
		Nothing
 This function is called by:
		_main
 This function uses a non-reentrant model


 *************** function ___lwdiv *****************
 Defined at:
		line 7 in file "C:\Program Files (x86)\Microchip\xc8\v2.30\pic\sources\c90\common\lwdiv.c"
 Parameters:    Size  Location     Type
  dividend        2    3[COMRAM] unsigned int 
  divisor         2    5[COMRAM] unsigned int 
 Auto vars:     Size  Location     Type
  quotient        2    7[COMRAM] unsigned int 
  counter         1    9[COMRAM] unsigned char 
 Return value:  Size  Location     Type
                  2    3[COMRAM] unsigned int 
 Registers used:
		wreg, status,2, status,0
 Tracked objects:
		On entry : 
		On exit  : 
		Unchanged: 
 Data sizes:     COMRAM   BANK0   BANK1
      Params:         4       0       0
      Locals:         3       0       0
      Temps:          0       0       0
      Totals:         7       0       0
Total ram usage:        7 bytes
 Hardware stack levels used:    1
 Hardware stack levels required when called:    2
 This function calls:
		Nothing
 This function is called by:
		_main
 This function uses a non-reentrant model


 *************** function ___lbmod *****************
 Defined at:
		line 4 in file "C:\Program Files (x86)\Microchip\xc8\v2.30\pic\sources\c90\common\lbmod.c"
 Parameters:    Size  Location     Type
  dividend        1    wreg     unsigned char 
  divisor         1    7[COMRAM] unsigned char 
 Auto vars:     Size  Location     Type
  dividend        1    8[COMRAM] unsigned char 
  rem             1   10[COMRAM] unsigned char 
  counter         1    9[COMRAM] unsigned char 
 Return value:  Size  Location     Type
                  1    wreg      unsigned char 
 Registers used:
		wreg, status,2, status,0
 Tracked objects:
		On entry : 
		On exit  : 
		Unchanged: 
 Data sizes:     COMRAM   BANK0   BANK1
      Params:         1       0       0
      Locals:         3       0       0
      Temps:          0       0       0
      Totals:         4       0       0
Total ram usage:        4 bytes
 Hardware stack levels used:    1
 Hardware stack levels required when called:    2
 This function calls:
		Nothing
 This function is called by:
		_main
 This function uses a non-reentrant model


 *************** function ___lbdiv *****************
 Defined at:
		line 4 in file "C:\Program Files (x86)\Microchip\xc8\v2.30\pic\sources\c90\common\lbdiv.c"
 Parameters:    Size  Location     Type
  dividend        1    wreg     unsigned char 
  divisor         1    3[COMRAM] unsigned char 
 Auto vars:     Size  Location     Type
  dividend        1    4[COMRAM] unsigned char 
  quotient        1    6[COMRAM] unsigned char 
  counter         1    5[COMRAM] unsigned char 
 Return value:  Size  Location     Type
                  1    wreg      unsigned char 
 Registers used:
		wreg, status,2, status,0
 Tracked objects:
		On entry : 
		On exit  : 
		Unchanged: 
 Data sizes:     COMRAM   BANK0   BANK1
      Params:         1       0       0
      Locals:         3       0       0
      Temps:          0       0       0
      Totals:         4       0       0
Total ram usage:        4 bytes
 Hardware stack levels used:    1
 Hardware stack levels required when called:    2
 This function calls:
		Nothing
 This function is called by:
		_main
 This function uses a non-reentrant model


 *************** function _Main_init *****************
 Defined at:
		line 619 in file "main.c"
 Parameters:    Size  Location     Type
		None
 Auto vars:     Size  Location     Type
		None
 Return value:  Size  Location     Type
                  1    wreg      void 
 Registers used:
		wreg, fsr2l, fsr2h, status,2, status,0, tblptrl, tblptrh, tblptru, prodl, prodh, cstack
 Tracked objects:
		On entry : 
		On exit  : 
		Unchanged: 
 Data sizes:     COMRAM   BANK0   BANK1
      Params:         0       0       0
      Locals:         0       0       0
      Temps:          0       0       0
      Totals:         0       0       0
Total ram usage:        0 bytes
 Hardware stack levels used:    1
 Hardware stack levels required when called:    6
 This function calls:
		_cgrom_char
		_initLCD
		_init_ds18b20
		_init_uart
 This function is called by:
		_main
 This function uses a non-reentrant model


 *************** function _init_uart *****************
 Defined at:
		line 28 in file "eusart.c"
 Parameters:    Size  Location     Type
		None
 Auto vars:     Size  Location     Type
		None
 Return value:  Size  Location     Type
                  1    wreg      void 
 Registers used:
		wreg, status,2
 Tracked objects:
		On entry : 
		On exit  : 
		Unchanged: 
 Data sizes:     COMRAM   BANK0   BANK1
      Params:         0       0       0
      Locals:         0       0       0
      Temps:          0       0       0
      Totals:         0       0       0
Total ram usage:        0 bytes
 Hardware stack levels used:    1
 Hardware stack levels required when called:    2
 This function calls:
		Nothing
 This function is called by:
		_Main_init
 This function uses a non-reentrant model


 *************** function _init_ds18b20 *****************
 Defined at:
		line 18 in file "ds18b20.c"
 Parameters:    Size  Location     Type
		None
 Auto vars:     Size  Location     Type
  i               1   12[COMRAM] unsigned char 
  q               1   11[COMRAM] unsigned char 
 Return value:  Size  Location     Type
                  1    wreg      void 
 Registers used:
		wreg, fsr2l, fsr2h, status,2, status,0, prodl, prodh, cstack
 Tracked objects:
		On entry : 
		On exit  : 
		Unchanged: 
 Data sizes:     COMRAM   BANK0   BANK1
      Params:         0       0       0
      Locals:         2       0       0
      Temps:          2       0       0
      Totals:         4       0       0
Total ram usage:        4 bytes
 Hardware stack levels used:    1
 Hardware stack levels required when called:    4
 This function calls:
		_ow_reset
		_read_eep
		_write_byte
 This function is called by:
		_Main_init
 This function uses a non-reentrant model


 *************** function _write_byte *****************
 Defined at:
		line 66 in file "onewire.c"
 Parameters:    Size  Location     Type
  val             1    wreg     unsigned char 
 Auto vars:     Size  Location     Type
  val             1    6[COMRAM] unsigned char 
  i               1    8[COMRAM] unsigned char 
  temp            1    7[COMRAM] unsigned char 
 Return value:  Size  Location     Type
                  1    wreg      void 
 Registers used:
		wreg, status,2, status,0, cstack
 Tracked objects:
		On entry : 
		On exit  : 
		Unchanged: 
 Data sizes:     COMRAM   BANK0   BANK1
      Params:         0       0       0
      Locals:         3       0       0
      Temps:          2       0       0
      Totals:         5       0       0
Total ram usage:        5 bytes
 Hardware stack levels used:    1
 Hardware stack levels required when called:    3
 This function calls:
		_write_bit
 This function is called by:
		_init_ds18b20
		_ds18b20_readTemp
		_ds18b20_readrom
 This function uses a non-reentrant model


 *************** function _write_bit *****************
 Defined at:
		line 34 in file "onewire.c"
 Parameters:    Size  Location     Type
  bitval          1    wreg     unsigned char 
 Auto vars:     Size  Location     Type
  bitval          1    3[COMRAM] unsigned char 
 Return value:  Size  Location     Type
                  1    wreg      void 
 Registers used:
		wreg, status,2, status,0, cstack
 Tracked objects:
		On entry : 
		On exit  : 
		Unchanged: 
 Data sizes:     COMRAM   BANK0   BANK1
      Params:         0       0       0
      Locals:         1       0       0
      Temps:          0       0       0
      Totals:         1       0       0
Total ram usage:        1 bytes
 Hardware stack levels used:    1
 Hardware stack levels required when called:    2
 This function calls:
		Nothing
 This function is called by:
		_write_byte
 This function uses a non-reentrant model


 *************** function _read_eep *****************
 Defined at:
		line 25 in file "eeprom.c"
 Parameters:    Size  Location     Type
  address         2    3[COMRAM] unsigned short 
 Auto vars:     Size  Location     Type
		None
 Return value:  Size  Location     Type
                  1    wreg      unsigned char 
 Registers used:
		wreg, status,2
 Tracked objects:
		On entry : 
		On exit  : 
		Unchanged: 
 Data sizes:     COMRAM   BANK0   BANK1
      Params:         2       0       0
      Locals:         0       0       0
      Temps:          0       0       0
      Totals:         2       0       0
Total ram usage:        2 bytes
 Hardware stack levels used:    1
 Hardware stack levels required when called:    2
 This function calls:
		Nothing
 This function is called by:
		_main
		_init_ds18b20
 This function uses a non-reentrant model


 *************** function _ow_reset *****************
 Defined at:
		line 5 in file "onewire.c"
 Parameters:    Size  Location     Type
		None
 Auto vars:     Size  Location     Type
  presence        1    3[COMRAM] unsigned char 
 Return value:  Size  Location     Type
                  1    wreg      unsigned char 
 Registers used:
		wreg, status,2
 Tracked objects:
		On entry : 
		On exit  : 
		Unchanged: 
 Data sizes:     COMRAM   BANK0   BANK1
      Params:         0       0       0
      Locals:         1       0       0
      Temps:          0       0       0
      Totals:         1       0       0
Total ram usage:        1 bytes
 Hardware stack levels used:    1
 Hardware stack levels required when called:    2
 This function calls:
		Nothing
 This function is called by:
		_init_ds18b20
		_ds18b20_readTemp
		_ds18b20_readrom
 This function uses a non-reentrant model


 *************** function _initLCD *****************
 Defined at:
		line 10 in file "hd44780.c"
 Parameters:    Size  Location     Type
		None
 Auto vars:     Size  Location     Type
		None
 Return value:  Size  Location     Type
                  1    wreg      void 
 Registers used:
		wreg, status,2, status,0, cstack
 Tracked objects:
		On entry : 
		On exit  : 
		Unchanged: 
 Data sizes:     COMRAM   BANK0   BANK1
      Params:         0       0       0
      Locals:         0       0       0
      Temps:          1       0       0
      Totals:         1       0       0
Total ram usage:        1 bytes
 Hardware stack levels used:    1
 Hardware stack levels required when called:    5
 This function calls:
		_clearLCD
		_lcdNibble
		_lcdWrite
 This function is called by:
		_Main_init
 This function uses a non-reentrant model


 *************** function _clearLCD *****************
 Defined at:
		line 45 in file "hd44780.c"
 Parameters:    Size  Location     Type
		None
 Auto vars:     Size  Location     Type
		None
 Return value:  Size  Location     Type
                  1    wreg      void 
 Registers used:
		wreg, status,2, status,0, cstack
 Tracked objects:
		On entry : 
		On exit  : 
		Unchanged: 
 Data sizes:     COMRAM   BANK0   BANK1
      Params:         0       0       0
      Locals:         0       0       0
      Temps:          1       0       0
      Totals:         1       0       0
Total ram usage:        1 bytes
 Hardware stack levels used:    1
 Hardware stack levels required when called:    4
 This function calls:
		_lcdWrite
 This function is called by:
		_main
		_initLCD
 This function uses a non-reentrant model


 *************** function _cgrom_char *****************
 Defined at:
		line 127 in file "hd44780.c"
 Parameters:    Size  Location     Type
  symbol          2    7[COMRAM] PTR unsigned char 
		 -> symbol_4(8), 
  address         1    9[COMRAM] unsigned char 
 Auto vars:     Size  Location     Type
  i               1   10[COMRAM] unsigned char 
 Return value:  Size  Location     Type
                  1    wreg      void 
 Registers used:
		wreg, status,2, status,0, tblptrl, tblptrh, tblptru, prodl, prodh, cstack
 Tracked objects:
		On entry : 
		On exit  : 
		Unchanged: 
 Data sizes:     COMRAM   BANK0   BANK1
      Params:         3       0       0
      Locals:         1       0       0
      Temps:          0       0       0
      Totals:         4       0       0
Total ram usage:        4 bytes
 Hardware stack levels used:    1
 Hardware stack levels required when called:    4
 This function calls:
		_lcdWrite
 This function is called by:
		_Main_init
 This function uses a non-reentrant model


 *************** function _lcdWrite *****************
 Defined at:
		line 50 in file "hd44780.c"
 Parameters:    Size  Location     Type
  byte            1    wreg     unsigned char 
  type            1    5[COMRAM] enum E2021
 Auto vars:     Size  Location     Type
  byte            1    6[COMRAM] unsigned char 
 Return value:  Size  Location     Type
                  1    wreg      void 
 Registers used:
		wreg, status,2, status,0, cstack
 Tracked objects:
		On entry : 
		On exit  : 
		Unchanged: 
 Data sizes:     COMRAM   BANK0   BANK1
      Params:         1       0       0
      Locals:         1       0       0
      Temps:          0       0       0
      Totals:         2       0       0
Total ram usage:        2 bytes
 Hardware stack levels used:    1
 Hardware stack levels required when called:    3
 This function calls:
		_lcdNibble
 This function is called by:
		_initLCD
		_clearLCD
		_lcd_gotoxy
		_lcd_putc
		_lcdPrint
		_cgrom_char
 This function uses a non-reentrant model


 *************** function _lcdNibble *****************
 Defined at:
		line 63 in file "hd44780.c"
 Parameters:    Size  Location     Type
  nibble          1    wreg     unsigned char 
 Auto vars:     Size  Location     Type
  nibble          1    4[COMRAM] unsigned char 
 Return value:  Size  Location     Type
                  1    wreg      void 
 Registers used:
		wreg, status,2, status,0
 Tracked objects:
		On entry : 
		On exit  : 
		Unchanged: 
 Data sizes:     COMRAM   BANK0   BANK1
      Params:         0       0       0
      Locals:         1       0       0
      Temps:          1       0       0
      Totals:         2       0       0
Total ram usage:        2 bytes
 Hardware stack levels used:    1
 Hardware stack levels required when called:    2
 This function calls:
		Nothing
 This function is called by:
		_initLCD
		_lcdWrite
 This function uses a non-reentrant model


 *************** function _EUSART_Write_Str *****************
 Defined at:
		line 106 in file "eusart.c"
 Parameters:    Size  Location     Type
  t               2    4[COMRAM] PTR const unsigned char 
		 -> STR_11(7), STR_10(4), STR_9(3), STR_8(4), 
		 -> STR_7(5), STR_6(4), STR_5(4), 
 Auto vars:     Size  Location     Type
		None
 Return value:  Size  Location     Type
                  1    wreg      void 
 Registers used:
		wreg, fsr2l, fsr2h, status,2, status,0, tblptrl, tblptrh, tblptru, cstack
 Tracked objects:
		On entry : 
		On exit  : 
		Unchanged: 
 Data sizes:     COMRAM   BANK0   BANK1
      Params:         2       0       0
      Locals:         0       0       0
      Temps:          0       0       0
      Totals:         2       0       0
Total ram usage:        2 bytes
 Hardware stack levels used:    1
 Hardware stack levels required when called:    3
 This function calls:
		_EUSART_Write
 This function is called by:
		_main
 This function uses a non-reentrant model


 *************** function _EUSART_Write *****************
 Defined at:
		line 81 in file "eusart.c"
 Parameters:    Size  Location     Type
  txData          1    wreg     unsigned char 
 Auto vars:     Size  Location     Type
  txData          1    3[COMRAM] unsigned char 
 Return value:  Size  Location     Type
                  1    wreg      void 
 Registers used:
		wreg, fsr2l, fsr2h, status,2, status,0
 Tracked objects:
		On entry : 
		On exit  : 
		Unchanged: 
 Data sizes:     COMRAM   BANK0   BANK1
      Params:         0       0       0
      Locals:         1       0       0
      Temps:          0       0       0
      Totals:         1       0       0
Total ram usage:        1 bytes
 Hardware stack levels used:    1
 Hardware stack levels required when called:    2
 This function calls:
		Nothing
 This function is called by:
		_main
		_EUSART_Write_Str
 This function uses a non-reentrant model


 *************** function _myIntL *****************
 Defined at:
		line 697 in file "main.c"
 Parameters:    Size  Location     Type
		None
 Auto vars:     Size  Location     Type
		None
 Return value:  Size  Location     Type
                  1    wreg      void 
 Registers used:
		wreg, status,2, status,0
 Tracked objects:
		On entry : 
		On exit  : 
		Unchanged: 
 Data sizes:     COMRAM   BANK0   BANK1
      Params:         0       0       0
      Locals:         0       0       0
      Temps:          3       0       0
      Totals:         3       0       0
Total ram usage:        3 bytes
 Hardware stack levels used:    1
 Hardware stack levels required when called:    1
 This function calls:
		Nothing
 This function is called by:
		Interrupt level 1
 This function uses a non-reentrant model


 *************** function _myIntH *****************
 Defined at:
		line 678 in file "main.c"
 Parameters:    Size  Location     Type
		None
 Auto vars:     Size  Location     Type
		None
 Return value:  Size  Location     Type
                  1    wreg      void 
 Registers used:
		wreg, status,2, status,0
 Tracked objects:
		On entry : 
		On exit  : 
		Unchanged: 
 Data sizes:     COMRAM   BANK0   BANK1
      Params:         0       0       0
      Locals:         0       0       0
      Temps:          0       0       0
      Totals:         0       0       0
Total ram usage:        0 bytes
 Hardware stack levels used:    1
 This function calls:
		Nothing
 This function is called by:
		Interrupt level 2
 This function uses a non-reentrant model



MODULE INFORMATION

Module		Function		Class		Link	Load	Size
eusart.c
		_EUSART_Write  		CODE           	1734	0000	48
		_EUSART_Write_Str		CODE           	1818	0000	18
		_init_uart     		CODE           	1872	0000	28

eusart.c estimated size: 94

C:\Program Files (x86)\Microchip\xc8\v2.30\pic\sources\c90\common\lwdiv.c
		___lwdiv       		CODE           	156C	0000	74

C:\Program Files (x86)\Microchip\xc8\v2.30\pic\sources\c90\common\lwdiv.c estimated size: 74

C:\Program Files (x86)\Microchip\xc8\v2.30\pic\sources\c90\common\lbmod.c
		___lbmod       		CODE           	1764	0000	38

C:\Program Files (x86)\Microchip\xc8\v2.30\pic\sources\c90\common\lbmod.c estimated size: 38

eeprom.c
		_read_eep      		CODE           	18BE	0000	18
		_write_eep     		CODE           	178A	0000	36

eeprom.c estimated size: 54

key.c
		_key_GetKey    		CODE           	18DC	0000	10
		_key_press     		CODE           	14D4	0000	78

key.c estimated size: 88

onewire.c
		_ow_reset      		CODE           	1704	0000	48
		_read_bit      		CODE           	18A8	0000	22
		_read_byte     		CODE           	1632	0000	54
		_write_bit     		CODE           	1838	0000	30
		_write_byte    		CODE           	1668	0000	54

onewire.c estimated size: 208

shared
		PL12           		CODE           	0F3C	0000	10
		PL50           		CODE           	1278	0000	6
		PL8            		CODE           	0F28	0000	8
		PL22           		CODE           	0F60	0000	6
		PL60           		CODE           	0FDA	0000	8
		PL32           		CODE           	0F7E	0000	8
		PL42           		CODE           	0FA2	0000	10
		PL14           		CODE           	0F46	0000	10
		PL52           		CODE           	0FC0	0000	8
		PL24           		CODE           	182A	0000	14
		PL62           		CODE           	0FE2	0000	8
		PL34           		CODE           	0F86	0000	8
		PL44           		CODE           	14CA	0000	10
		PL16           		CODE           	0F50	0000	10
		PL54           		CODE           	0FC8	0000	6
		PL26           		CODE           	11C8	0000	14
		PL64           		CODE           	0FEA	0000	8
		PL36           		CODE           	1378	0000	10
		PL46           		CODE           	0FAC	0000	10
		_fract         		MEDIUMCONST    	1ED3	0000	16
		PL18           		CODE           	0F5A	0000	6
		PL56           		CODE           	0FCE	0000	6
		PL28           		CODE           	0F66	0000	12
		PL66           		CODE           	0FF2	0000	8
		PL38           		CODE           	0F8E	0000	10
		PL48           		CODE           	0FB6	0000	10
		PL58           		CODE           	0FD4	0000	6
		PL68           		CODE           	0FFA	0000	8
		__initialization		CODE           	15B6	0000	48
		_symbol_4      		MEDIUMCONST    	1EE3	0000	8
		_HD44780_CYR   		MEDIUMCONST    	1E93	0000	64
		PL2            		CODE           	0F00	0000	16
		PL10           		CODE           	0F30	0000	12
		PL4            		CODE           	0F10	0000	12
		PL20           		CODE           	126A	0000	14
		PL30           		CODE           	0F72	0000	12
		PL6            		CODE           	0F1C	0000	12
		PL40           		CODE           	0F98	0000	10

shared estimated size: 462

ds18b20.c
		_ds18b20_readrom		CODE           	146E	0000	92
		_ds18b20_crc8  		CODE           	1522	0000	74
		_ds18b20_readTemp		CODE           	10FA	0000	206
		_ds18b20_get_temp		CODE           	127E	0000	138
		_init_ds18b20  		CODE           	13FA	0000	116

ds18b20.c estimated size: 626

C:\Program Files (x86)\Microchip\xc8\v2.30\pic\sources\c90\common\lbdiv.c
		___lbdiv       		CODE           	169E	0000	52

C:\Program Files (x86)\Microchip\xc8\v2.30\pic\sources\c90\common\lbdiv.c estimated size: 52

hd44780.c
		_lcd_putc      		CODE           	18D0	0000	12
		_cgrom_char    		CODE           	16D2	0000	50
		_lcd_gotoxy    		CODE           	1856	0000	28
		_lcdNibble     		CODE           	1308	0000	112
		_lcdWrite      		CODE           	17D2	0000	36
		_lcdPrint      		CODE           	11D6	0000	148
		_initLCD       		CODE           	1002	0000	248
		_clearLCD      		CODE           	188E	0000	26

hd44780.c estimated size: 660

main.c
		_Main_init     		CODE           	1382	0000	120
		_myIntH        		CODE           	0008	0000	40
		_main          		CODE           	00A0	0000	3680
		_Delay_ms      		CODE           	17AE	0000	36
		_myIntL        		CODE           	0018	0000	132

main.c estimated size: 4008

C:\Program Files (x86)\Microchip\xc8\v2.30\pic\sources\c90\common\lwmod.c
		___lwmod       		CODE           	15F4	0000	62

C:\Program Files (x86)\Microchip\xc8\v2.30\pic\sources\c90\common\lwmod.c estimated size: 62

