Microchip MPLAB XC8 Compiler V2.36

Linker command line:

-W-3 --edf=C:\Program Files\Microchip\xc8\v2.36\pic\dat\en_msgs.txt -cn \
  -h+dist/default/production\18f2320.production.sym \
  --cmf=dist/default/production\18f2320.production.cmf -z -Q18F2320 \
  -oC:\Temp\xcAs9ks.4 --defsym=__MPLAB_BUILD=1 \
  -Mdist/default/production/18f2320.production.map --md=C:\Temp\xcAs9ks.dat \
  -E1 -ver=XC8 Compiler --acfsm=1493 -ACODE=00h-01FFFh -ACONST=00h-01FFFh \
  -ASMALLCONST=0200h-02FFhx30 -AMEDIUMCONST=0200h-01FFFh -ACOMRAM=01h-07Fh \
  -AABS1=00h-01FFh -ABIGRAM=01h-01FFh -ARAM=080h-0FFh,0100h-01FFh \
  -ABANK0=080h-0FFh -ABANK1=0100h-01FFh -ASFR=0F80h-0FFFh \
  -ABIGSFR=0F80h-0FFFh -ACONFIG=0300000h-030000Dh -AIDLOC=0200000h-0200007h \
  -AEEDATA=0F00000h-0F000FFh -peeprom_data=EEDATA \
  -preset_vec=00h,intcode=08h,intcodelo=018h,powerup,init -pramtop=0200h \
  -psmallconst=SMALLCONST -pmediumconst=MEDIUMCONST -pconst=CONST \
  -AFARRAM=00h-00h \
  -prdata=COMRAM,nvrram=COMRAM,nvbit=COMRAM,rbss=COMRAM,rbit=COMRAM \
  -pfarbss=FARRAM,fardata=FARRAM,nvFARRAM=FARRAM \
  -pintsave_regs=BIGRAM,bigbss=BIGRAM,bigdata=BIGRAM -pbss=RAM \
  -pidata=CODE,irdata=CODE,ibigdata=CODE,ifardata=CODE -prparam=COMRAM \
  C:\Temp\xcAs9ks.o dist/default/production\18f2320.production.o 

Object code version is 3.11

Machine type is 18F2320



                Name                               Link     Load   Length Selector   Space Scale
C:\Temp\xcAs9ks.o
                idloc                            200000   200000        8        0       5
                config                           300000   300000        E        0       4
                init                                 9A       9A        4        C       0
                reset_vec                             0        0        4        0       0
dist/default/production\18f2320.production.o
                intcodelo                            18       18       82        C       0
                intcode                               8        8        6        4       0
                idloc                            200000   200000        8        0       5
                config                           300000   300000        E        0       4
                temp                                 67       67        1        1       1
                mediumconst                        1E6C     1E6C      194      F36       0
                intcode_body                       1AB8     1AB8       22        C       0
                text34                             19F6     19F6       30        C       0
                text33                             1ADA     1ADA       20        C       0
                text32                             1556     1556       7A        C       0
                text31                             1A94     1A94       24        C       0
                text30                             1994     1994       32        C       0
                text29                             1B50     1B50       1A        C       0
                text28                             11C8     11C8       F8        C       0
                text27                             19C6     19C6       30        C       0
                text26                             1B80     1B80       12        C       0
                text25                             1AFA     1AFA       1E        C       0
                text24                             192A     192A       36        C       0
                text23                             1648     1648       74        C       0
                text22                             1B34     1B34       1C        C       0
                text21                             14CE     14CE       88        C       0
                text20                             15D0     15D0       78        C       0
                text19                             16BC     16BC       68        C       0
                text18                             1960     1960       34        C       0
                text17                             1A26     1A26       26        C       0
                text16                             182E     182E       4A        C       0
                text15                             18B6     18B6       3E        C       0
                text14                             1444     1444       8A        C       0
                text13                             17E4     17E4       4A        C       0
                text12                             1B6A     1B6A       16        C       0
                text11                             18F4     18F4       36        C       0
                text10                             12C0     12C0       DC        C       0
                text9                              1A70     1A70       24        C       0
                text8                              1A4C     1A4C       24        C       0
                text7                              1724     1724       66        C       0
                text6                              1BAA     1BAA        A        C       0
                text5                              178A     178A       5A        C       0
                text4                              1B18     1B18       1C        C       0
                text3                              139C     139C       A8        C       0
                text2                              1B9E     1B9E        C        C       0
                text1                              1040     1040      188        C       0
                text0                                9E       9E      FA2        C       0
                cstackCOMRAM                         42       42       17        1       1
                dataCOMRAM                           59       59        C        1       1
                bssCOMRAM                             1        1       41        1       1
                bitbssCOMRAM                        328       65        B        1       1     8
                cinit                              1878     1878       3E        C       0
                idataCOMRAM                        1B92     1B92        C        C       0

TOTAL           Name                               Link     Load   Length     Space
        CLASS   CODE           
                intcodelo                            18       18       82         0
                intcode                               8        8        6         0
                init                                 9A       9A        4         0
                reset_vec                             0        0        4         0
                intcode_body                       1AB8     1AB8       22         0
                text34                             19F6     19F6       30         0
                text33                             1ADA     1ADA       20         0
                text32                             1556     1556       7A         0
                text31                             1A94     1A94       24         0
                text30                             1994     1994       32         0
                text29                             1B50     1B50       1A         0
                text28                             11C8     11C8       F8         0
                text27                             19C6     19C6       30         0
                text26                             1B80     1B80       12         0
                text25                             1AFA     1AFA       1E         0
                text24                             192A     192A       36         0
                text23                             1648     1648       74         0
                text22                             1B34     1B34       1C         0
                text21                             14CE     14CE       88         0
                text20                             15D0     15D0       78         0
                text19                             16BC     16BC       68         0
                text18                             1960     1960       34         0
                text17                             1A26     1A26       26         0
                text16                             182E     182E       4A         0
                text15                             18B6     18B6       3E         0
                text14                             1444     1444       8A         0
                text13                             17E4     17E4       4A         0
                text12                             1B6A     1B6A       16         0
                text11                             18F4     18F4       36         0
                text10                             12C0     12C0       DC         0
                text9                              1A70     1A70       24         0
                text8                              1A4C     1A4C       24         0
                text7                              1724     1724       66         0
                text6                              1BAA     1BAA        A         0
                text5                              178A     178A       5A         0
                text4                              1B18     1B18       1C         0
                text3                              139C     139C       A8         0
                text2                              1B9E     1B9E        C         0
                text1                              1040     1040      188         0
                text0                                9E       9E      FA2         0
                cinit                              1878     1878       3E         0
                idataCOMRAM                        1B92     1B92        C         0

        CLASS   CONST          

        CLASS   SMALLCONST     

        CLASS   MEDIUMCONST    
                mediumconst                        1E6C     1E6C      194         0

        CLASS   COMRAM         
                temp                                 67       67        1         1
                cstackCOMRAM                         42       42       17         1
                dataCOMRAM                           59       59        C         1
                bssCOMRAM                             1        1       41         1
                bitbssCOMRAM                        328       65        B         1

        CLASS   ABS1           

        CLASS   BIGRAM         

        CLASS   RAM            

        CLASS   BANK0          

        CLASS   BANK1          

        CLASS   SFR            

        CLASS   BIGSFR         

        CLASS   CONFIG         
                config                           300000   300000        E         4

        CLASS   IDLOC          
                idloc                            200000   200000        8         5

        CLASS   EEDATA         

        CLASS   FARRAM         

        CLASS   HEAP           

        CLASS   STACK          



SEGMENTS        Name                           Load    Length   Top    Selector   Space  Class

                reset_vec                      000000  000004  000004         0       0  CODE    
                bssCOMRAM                      000001  000067  000068         1       1  COMRAM  
                intcode                        000008  000006  00000E         4       0  CODE    
                intcodelo                      000018  001B9C  001BB4         C       0  CODE    
                mediumconst                    001E6C  000194  002000       F36       0  MEDIUMCO


UNUSED ADDRESS RANGES

        Name                Unused          Largest block    Delta
        BANK0            000080-0000FF               80
        BANK1            000100-0001FF              100
        BIGRAM           000068-0001FF              198
        BIGSFR           000F80-000FFF               80
        CODE             000004-000007                4
                         00000E-000017                A
                         001BB4-001E6B              2B8
        COMRAM           000068-00007F               18
        CONST            000004-000007                4
                         00000E-000017                A
                         001BB4-001E6B              2B8
        EEDATA           F00000-F000FF              100
        MEDIUMCONST      001BB4-001E6B              2B8
        RAM              000080-0001FF               80
        SFR              000F80-000FFF               80
        SMALLCONST       001BB4-001E6B              100

                                  Symbol Table

?___awdiv                  cstackCOMRAM 000045
?___awmod                  cstackCOMRAM 00004D
?___lwdiv                  cstackCOMRAM 000045
?___lwmod                  cstackCOMRAM 00004C
?_ds18b20_get_temp         cstackCOMRAM 000045
Delay_ms@delay             cstackCOMRAM 000045
Delay_ms@i                 cstackCOMRAM 000048
EUSART_Write@txData        cstackCOMRAM 000045
EUSART_Write_Str@t         cstackCOMRAM 000046
PL10                       text0        000F92
PL12                       text0        000F9A
PL14                       text0        000FA4
PL16                       text0        000FAE
PL18                       text0        000FBE
PL2                        text0        000F6A
PL20                       text3        001430
PL22                       text0        000FC4
PL24                       text0        000FD0
PL26                       text0        000FDC
PL28                       text0        000FEC
PL30                       text33       001AEC
PL32                       text10       00138E
PL34                       text0        000FF2
PL36                       text0        000FFE
PL38                       text0        001004
PL4                        text0        000F7A
PL40                       text0        00100C
PL42                       text32       0015C6
PL44                       text7        001780
PL46                       text0        001016
PL48                       text0        001020
PL50                       text0        00102A
PL52                       text1        001148
PL54                       text1        001150
PL56                       text1        001158
PL58                       text1        001160
PL6                        text0        000F86
PL60                       text0        001032
PL62                       text1        001168
PL64                       text1        001170
PL66                       text1        001178
PL68                       text1        001180
PL70                       text1        001188
PL72                       text1        001190
PL74                       text1        001198
PL76                       text0        001038
PL78                       text1        0011A0
PL8                        text1        00113C
PL80                       text3        00143E
PL82                       text1        0011A8
PL84                       text1        0011B0
PL86                       text1        0011B8
PL88                       text1        0011C0
_ADCON1bits                (abs)        000FC1
_Delay_ms                  text9        001A70
_EEADR                     (abs)        000FA9
_EECON1bits                (abs)        000FA6
_EECON2                    (abs)        000FA7
_EEDATA                    (abs)        000FA8
_EUSART_Write              text34       0019F6
_EUSART_Write_Str          text33       001ADA
_HD44780_CYR               mediumconst  001E6D
_INTCON2bits               (abs)        000FF1
_INTCONbits                (abs)        000FF2
_IPR1bits                  (abs)        000F9F
_LATA                      (abs)        000F89
_LATAbits                  (abs)        000F89
_LATB                      (abs)        000F8A
_LATC                      (abs)        000F8B
_LATCbits                  (abs)        000F8B
_Main_init                 text21       0014CE
_OSCCONbits                (abs)        000FD3
_PIE1bits                  (abs)        000F9D
_PIR1bits                  (abs)        000F9E
_PORTA                     (abs)        000F80
_PORTAbits                 (abs)        000F80
_PORTB                     (abs)        000F81
_PORTC                     (abs)        000F82
_RCONbits                  (abs)        000FD0
_RCSTAbits                 (abs)        000FAB
_SPBRG                     (abs)        000FAF
_T0CONbits                 (abs)        000FD5
_T1CON                     (abs)        000FCD
_T1CONbits                 (abs)        000FCD
_TMR0H                     (abs)        000FD7
_TMR0L                     (abs)        000FD6
_TMR1H                     (abs)        000FCF
_TMR1L                     (abs)        000FCE
_TRISA                     (abs)        000F92
_TRISAbits                 (abs)        000F92
_TRISB                     (abs)        000F93
_TRISC                     (abs)        000F94
_TRISCbits                 (abs)        000F94
_TXIF                      (abs)        007CF4
_TXREG                     (abs)        000FAD
_TXSTAbits                 (abs)        000FAC
__HRAM                     (abs)        000000
__Habs1                    abs1         000000
__Hbank0                   bank0        000000
__Hbank1                   bank1        000000
__Hbigbss                  bigbss       000000
__Hbigdata                 bigdata      000000
__Hbigram                  bigram       000000
__Hbigsfr                  bigsfr       000000
__HbitbssCOMRAM            bitbssCOMRAM 000000
__Hbss                     bss          000000
__HbssCOMRAM               bssCOMRAM    000000
__Hcinit                   cinit        000000
__Hclrtext                 clrtext      000000
__Hcomram                  comram       000000
__Hconfig                  config       30000E
__Hconst                   const        000000
__HcstackCOMRAM            cstackCOMRAM 000000
__Hdata                    data         000000
__HdataCOMRAM              dataCOMRAM   000000
__Heeprom_data             eeprom_data  000000
__Hfarbss                  farbss       000000
__Hfardata                 fardata      000000
__Hheap                    heap         000000
__Hibigdata                ibigdata     000000
__Hidata                   idata        000000
__HidataCOMRAM             idataCOMRAM  000000
__Hidloc                   idloc        200008
__Hifardata                ifardata     000000
__Hinit                    init         00009E
__Hintcode                 intcode      00000E
__Hintcode_body            intcode_body 000000
__Hintcodelo               intcodelo    00009A
__Hintentry                intentry     000000
__Hintret                  intret       000000
__Hintsave_regs            intsave_regs 000000
__Hirdata                  irdata       000000
__Hmediumconst             mediumconst  002000
__HnvFARRAM                nvFARRAM     000000
__Hnvbit                   nvbit        000000
__Hnvrram                  nvrram       000000
__Hpa_nodes0               pa_nodes0    000000
__Hparam                   rparam       000000
__Hpowerup                 powerup      00009A
__Hram                     ram          000000
__Hramtop                  ramtop       000200
__Hrbit                    rbit         000000
__Hrbss                    rbss         000000
__Hrdata                   rdata        000000
__Hreset_vec               reset_vec    000004
__Hrparam                  rparam       000000
__Hsfr                     sfr          000000
__Hsmallconst              smallconst   000000
__Hspace_0                 (abs)        002000
__Hspace_1                 (abs)        000333
__Hspace_2                 (abs)        000000
__Hspace_4                 (abs)        60000E
__Hstack                   stack        000000
__Hstruct                  struct       000000
__Htemp                    temp         000068
__Htext                    text         000000
__Htext0                   text0        000000
__Htext1                   text1        000000
__Htext10                  text10       000000
__Htext11                  text11       000000
__Htext12                  text12       000000
__Htext13                  text13       000000
__Htext14                  text14       000000
__Htext15                  text15       000000
__Htext16                  text16       000000
__Htext17                  text17       000000
__Htext18                  text18       000000
__Htext19                  text19       000000
__Htext2                   text2        000000
__Htext20                  text20       000000
__Htext21                  text21       000000
__Htext22                  text22       000000
__Htext23                  text23       000000
__Htext24                  text24       000000
__Htext25                  text25       000000
__Htext26                  text26       000000
__Htext27                  text27       000000
__Htext28                  text28       000000
__Htext29                  text29       000000
__Htext3                   text3        000000
__Htext30                  text30       000000
__Htext31                  text31       000000
__Htext32                  text32       000000
__Htext33                  text33       000000
__Htext34                  text34       000000
__Htext4                   text4        000000
__Htext5                   text5        000000
__Htext6                   text6        000000
__Htext7                   text7        000000
__Htext8                   text8        000000
__Htext9                   text9        000000
__LRAM                     (abs)        000001
__Labs1                    abs1         000000
__Lbank0                   bank0        000000
__Lbank1                   bank1        000000
__Lbigbss                  bigbss       000000
__Lbigdata                 bigdata      000000
__Lbigram                  bigram       000000
__Lbigsfr                  bigsfr       000000
__LbitbssCOMRAM            bitbssCOMRAM 000000
__Lbss                     bss          000000
__LbssCOMRAM               bssCOMRAM    000000
__Lcinit                   cinit        000000
__Lclrtext                 clrtext      000000
__Lcomram                  comram       000000
__Lconfig                  config       000000
__Lconst                   const        000000
__LcstackCOMRAM            cstackCOMRAM 000000
__Ldata                    data         000000
__LdataCOMRAM              dataCOMRAM   000000
__Leeprom_data             eeprom_data  000000
__Lfarbss                  farbss       000000
__Lfardata                 fardata      000000
__Lheap                    heap         000000
__Libigdata                ibigdata     000000
__Lidata                   idata        000000
__LidataCOMRAM             idataCOMRAM  000000
__Lidloc                   idloc        000000
__Lifardata                ifardata     000000
__Linit                    init         00009A
__Lintcode                 intcode      000008
__Lintcode_body            intcode_body 000000
__Lintcodelo               intcodelo    000018
__Lintentry                intentry     000000
__Lintret                  intret       000000
__Lintsave_regs            intsave_regs 000000
__Lirdata                  irdata       000000
__Lmediumconst             mediumconst  001E6C
__LnvFARRAM                nvFARRAM     000000
__Lnvbit                   nvbit        000000
__Lnvrram                  nvrram       000000
__Lpa_nodes0               pa_nodes0    000000
__Lparam                   rparam       000000
__Lpowerup                 powerup      00009A
__Lram                     ram          000000
__Lramtop                  ramtop       000200
__Lrbit                    rbit         000000
__Lrbss                    rbss         000000
__Lrdata                   rdata        000000
__Lreset_vec               reset_vec    000000
__Lrparam                  rparam       000000
__Lsfr                     sfr          000000
__Lsmallconst              smallconst   000000
__Lspace_0                 (abs)        000000
__Lspace_1                 (abs)        000000
__Lspace_2                 (abs)        000000
__Lspace_4                 (abs)        000000
__Lstack                   stack        000000
__Lstruct                  struct       000000
__Ltemp                    temp         000067
__Ltext                    text         000000
__Ltext0                   text0        000000
__Ltext1                   text1        000000
__Ltext10                  text10       000000
__Ltext11                  text11       000000
__Ltext12                  text12       000000
__Ltext13                  text13       000000
__Ltext14                  text14       000000
__Ltext15                  text15       000000
__Ltext16                  text16       000000
__Ltext17                  text17       000000
__Ltext18                  text18       000000
__Ltext19                  text19       000000
__Ltext2                   text2        000000
__Ltext20                  text20       000000
__Ltext21                  text21       000000
__Ltext22                  text22       000000
__Ltext23                  text23       000000
__Ltext24                  text24       000000
__Ltext25                  text25       000000
__Ltext26                  text26       000000
__Ltext27                  text27       000000
__Ltext28                  text28       000000
__Ltext29                  text29       000000
__Ltext3                   text3        000000
__Ltext30                  text30       000000
__Ltext31                  text31       000000
__Ltext32                  text32       000000
__Ltext33                  text33       000000
__Ltext34                  text34       000000
__Ltext4                   text4        000000
__Ltext5                   text5        000000
__Ltext6                   text6        000000
__Ltext7                   text7        000000
__Ltext8                   text8        000000
__Ltext9                   text9        000000
__S0                       (abs)        002000
__S1                       (abs)        000068
__S4                       (abs)        000000
__S5                       (abs)        000000
___awdiv                   text20       0015D0
___awdiv@counter           cstackCOMRAM 000049
___awdiv@dividend          cstackCOMRAM 000045
___awdiv@divisor           cstackCOMRAM 000047
___awdiv@quotient          cstackCOMRAM 00004B
___awdiv@sign              cstackCOMRAM 00004A
___awmod                   text19       0016BC
___awmod@counter           cstackCOMRAM 000051
___awmod@dividend          cstackCOMRAM 00004D
___awmod@divisor           cstackCOMRAM 00004F
___awmod@sign              cstackCOMRAM 000052
___heap_hi                 (abs)        000000
___heap_lo                 (abs)        000000
___inthi_sp                stack        000000
___intlo_sp                stack        000000
___lbdiv                   text18       001960
___lbdiv@counter           cstackCOMRAM 000047
___lbdiv@dividend          cstackCOMRAM 000046
___lbdiv@divisor           cstackCOMRAM 000045
___lbdiv@quotient          cstackCOMRAM 000048
___lbmod                   text17       001A26
___lbmod@counter           cstackCOMRAM 00004B
___lbmod@dividend          cstackCOMRAM 00004A
___lbmod@divisor           cstackCOMRAM 000049
___lbmod@rem               cstackCOMRAM 00004C
___lwdiv                   text16       00182E
___lwdiv@counter           cstackCOMRAM 00004B
___lwdiv@dividend          cstackCOMRAM 000045
___lwdiv@divisor           cstackCOMRAM 000047
___lwdiv@quotient          cstackCOMRAM 000049
___lwmod                   text15       0018B6
___lwmod@counter           cstackCOMRAM 000050
___lwmod@dividend          cstackCOMRAM 00004C
___lwmod@divisor           cstackCOMRAM 00004E
___param_bank              (abs)        000000
___rparam_used             (abs)        000001
___sp                      stack        000000
__accesstop                (abs)        000080
__activetblptr             (abs)        000002
__end_ofPL10               text0        000F9A
__end_ofPL12               text0        000FA4
__end_ofPL14               text0        000FAE
__end_ofPL16               text0        000FBE
__end_ofPL18               text0        000FC4
__end_ofPL2                text0        000F7A
__end_ofPL20               text3        00143E
__end_ofPL22               text0        000FD0
__end_ofPL24               text0        000FDC
__end_ofPL26               text0        000FEC
__end_ofPL28               text0        000FF2
__end_ofPL30               text33       001AFA
__end_ofPL32               text10       00139C
__end_ofPL34               text0        000FFE
__end_ofPL36               text0        001004
__end_ofPL38               text0        00100C
__end_ofPL4                text0        000F86
__end_ofPL40               text0        001016
__end_ofPL42               text32       0015D0
__end_ofPL44               text7        00178A
__end_ofPL46               text0        001020
__end_ofPL48               text0        00102A
__end_ofPL50               text0        001032
__end_ofPL52               text1        001150
__end_ofPL54               text1        001158
__end_ofPL56               text1        001160
__end_ofPL58               text1        001168
__end_ofPL6                text0        000F92
__end_ofPL60               text0        001038
__end_ofPL62               text1        001170
__end_ofPL64               text1        001178
__end_ofPL66               text1        001180
__end_ofPL68               text1        001188
__end_ofPL70               text1        001190
__end_ofPL72               text1        001198
__end_ofPL74               text1        0011A0
__end_ofPL76               text0        001040
__end_ofPL78               text1        0011A8
__end_ofPL8                text1        001148
__end_ofPL80               text3        001444
__end_ofPL82               text1        0011B0
__end_ofPL84               text1        0011B8
__end_ofPL86               text1        0011C0
__end_ofPL88               text1        0011C8
__end_of_Delay_ms          text9        001A94
__end_of_EUSART_Write      text34       001A26
__end_of_EUSART_Write_Str  text33       001AEC
__end_of_HD44780_CYR       mediumconst  001EAD
__end_of_Main_init         text21       001556
__end_of___awdiv           text20       001648
__end_of___awmod           text19       001724
__end_of___lbdiv           text18       001994
__end_of___lbmod           text17       001A4C
__end_of___lwdiv           text16       001878
__end_of___lwmod           text15       0018F4
__end_of__initialization   cinit        0018A8
__end_of_cgrom_char        text30       0019C6
__end_of_clearLCD          text29       001B6A
__end_of_ds18b20_crc8      text13       00182E
__end_of_ds18b20_get_temp  text14       0014CE
__end_of_ds18b20_readTemp  text10       00138E
__end_of_ds18b20_readrom   text7        001780
__end_of_fract             mediumconst  001EBD
__end_of_initLCD           text28       0012C0
__end_of_init_ds18b20      text23       0016BC
__end_of_init_uart         text22       001B50
__end_of_key_GetKey        text6        001BB4
__end_of_key_press         text5        0017E4
__end_of_lcdNibble         text32       0015C6
__end_of_lcdPrint          text3        001430
__end_of_lcdWrite          text31       001AB8
__end_of_lcd_gotoxy        text4        001B34
__end_of_lcd_putc          text2        001BAA
__end_of_main              text0        000F6A
__end_of_myIntH            intcode_body 001ADA
__end_of_myIntL            intcodelo    00009A
__end_of_outValPreset      text1        00113C
__end_of_ow_reset          text27       0019F6
__end_of_read_bit          text12       001B80
__end_of_read_byte         text11       00192A
__end_of_read_eep          text26       001B92
__end_of_symbol_4          mediumconst  001ECD
__end_of_symbol_5          mediumconst  001EC5
__end_of_write_bit         text25       001B18
__end_of_write_byte        text24       001960
__end_of_write_eep         text8        001A70
__initialization           cinit        001878
__mediumconst              mediumconst  001E6C
__pbitbssCOMRAM            bitbssCOMRAM 000328
__pbssCOMRAM               bssCOMRAM    000001
__pcinit                   cinit        001878
__pcstackCOMRAM            cstackCOMRAM 000042
__pdataCOMRAM              dataCOMRAM   000059
__pidataCOMRAM             idataCOMRAM  001B92
__pintcode                 intcode      000008
__pintcode_body            intcode_body 001AB8
__pintcodelo               intcodelo    000018
__pmediumconst             mediumconst  001E6C
__ptext0                   text0        00009E
__ptext1                   text1        001040
__ptext10                  text10       0012C0
__ptext11                  text11       0018F4
__ptext12                  text12       001B6A
__ptext13                  text13       0017E4
__ptext14                  text14       001444
__ptext15                  text15       0018B6
__ptext16                  text16       00182E
__ptext17                  text17       001A26
__ptext18                  text18       001960
__ptext19                  text19       0016BC
__ptext2                   text2        001B9E
__ptext20                  text20       0015D0
__ptext21                  text21       0014CE
__ptext22                  text22       001B34
__ptext23                  text23       001648
__ptext24                  text24       00192A
__ptext25                  text25       001AFA
__ptext26                  text26       001B80
__ptext27                  text27       0019C6
__ptext28                  text28       0011C8
__ptext29                  text29       001B50
__ptext3                   text3        00139C
__ptext30                  text30       001994
__ptext31                  text31       001A94
__ptext32                  text32       001556
__ptext33                  text33       001ADA
__ptext34                  text34       0019F6
__ptext4                   text4        001B18
__ptext5                   text5        00178A
__ptext6                   text6        001BAA
__ptext7                   text7        001724
__ptext8                   text8        001A4C
__ptext9                   text9        001A70
__ramtop                   ramtop       000200
__smallconst               smallconst   000000
_cgrom_char                text30       001994
_clearLCD                  text29       001B50
_dq_num                    dataCOMRAM   000061
_ds18b20_crc8              text13       0017E4
_ds18b20_get_temp          text14       001444
_ds18b20_readTemp          text10       0012C0
_ds18b20_readrom           text7        001724
_en_send_usart             bitbssCOMRAM 000332
_en_snd_b                  bitbssCOMRAM 000328
_en_snd_k                  bitbssCOMRAM 000329
_en_sound                  bitbssCOMRAM 000330
_eusartRxCount             bssCOMRAM    00002B
_eusartTxBuffer            bssCOMRAM    000001
_eusartTxBufferRemaining   bssCOMRAM    00002C
_eusartTxHead              bssCOMRAM    00002D
_fract                     mediumconst  001EAD
_initLCD                   text28       0011C8
_init_ds18b20              text23       001648
_init_uart                 text22       001B34
_keyLong                   bssCOMRAM    000036
_key_GetKey                text6        001BAA
_key_press                 text5        00178A
_key_pressed               bssCOMRAM    00002E
_lcdNibble                 text32       001556
_lcdPrint                  text3        00139C
_lcdWrite                  text31       001A94
_lcd_gotoxy                text4        001B18
_lcd_putc                  text2        001B9E
_main                      text0        00009E
_minus_1                   dataCOMRAM   000064
_minus_2                   dataCOMRAM   000063
_myIntH                    intcode      000008
_myIntL                    intcodelo    000018
_outValPreset              text1        001040
_ow_reset                  text27       0019C6
_pressed_key               bssCOMRAM    000034
_read_bit                  text12       001B6A
_read_byte                 text11       0018F4
_read_eep                  text26       001B80
_read_key                  bitbssCOMRAM 000331
_rom_dq                    bssCOMRAM    000011
_scratch                   bssCOMRAM    000037
_select                    dataCOMRAM   000062
_set_t_dq1_dwn             bssCOMRAM    000030
_set_t_dq1_up              bssCOMRAM    000031
_set_t_dq2                 bssCOMRAM    000029
_snd_all                   bitbssCOMRAM 00032C
_snd_b                     bitbssCOMRAM 00032D
_snd_b_b                   bitbssCOMRAM 00032A
_snd_k                     bitbssCOMRAM 00032E
_snd_k_b                   bitbssCOMRAM 00032B
_sound_yes                 bitbssCOMRAM 00032F
_sub_sel                   bssCOMRAM    000033
_sub_sel_kol               bssCOMRAM    000032
_symbol_4                  mediumconst  001EC5
_symbol_5                  mediumconst  001EBD
_temp1_fix                 bssCOMRAM    000027
_temp_ready                bssCOMRAM    000021
_temperature_1             dataCOMRAM   00005F
_temperature_1_old         dataCOMRAM   00005B
_temperature_2             dataCOMRAM   00005D
_temperature_2_old         dataCOMRAM   000059
_tik_time                  bssCOMRAM    000035
_time_flag                 bssCOMRAM    000040
_timer_val                 bssCOMRAM    000041
_write_bit                 text25       001AFA
_write_byte                text24       00192A
_write_eep                 text8        001A4C
btemp                      temp         000067
cgrom_char@address         cstackCOMRAM 00004B
cgrom_char@i               cstackCOMRAM 00004C
cgrom_char@symbol          cstackCOMRAM 000049
ds18b20_crc8@bit_counter   cstackCOMRAM 000047
ds18b20_crc8@crc           cstackCOMRAM 00004B
ds18b20_crc8@data          cstackCOMRAM 000048
ds18b20_crc8@data_in       cstackCOMRAM 000045
ds18b20_crc8@feedback_bit  cstackCOMRAM 000049
ds18b20_crc8@loop_count    cstackCOMRAM 00004A
ds18b20_crc8@num_bytes     cstackCOMRAM 000046
ds18b20_get_temp@minus     cstackCOMRAM 000045
ds18b20_get_temp@num_dq    cstackCOMRAM 000047
ds18b20_get_temp@temp      cstackCOMRAM 000049
ds18b20_get_temp@tmp       cstackCOMRAM 000048
ds18b20_readTemp@i         cstackCOMRAM 000053
ds18b20_readTemp@j         cstackCOMRAM 000052
ds18b20_readTemp@temp      cstackCOMRAM 000050
ds18b20_readTemp@time_flag cstackCOMRAM 00004C
ds18b20_readTemp@timer_val cstackCOMRAM 00004D
ds18b20_readrom@i          cstackCOMRAM 000055
ds18b20_readrom@num_dq     cstackCOMRAM 000054
ds18b20_readrom@temp_rom   cstackCOMRAM 00004C
end_of_initialization      cinit        0018A8
init_ds18b20@i             cstackCOMRAM 00004E
init_ds18b20@q             cstackCOMRAM 00004D
int$flags                  temp         000067
int_func                   intcode_body 001AB8
intlevel0                  text         000000
intlevel1                  text         000000
intlevel2                  text         000000
intlevel3                  text         000000
isa$std                    (abs)        000001
isa$xinst                  (abs)        000000
key_GetKey@key             cstackCOMRAM 000045
key_press@count            bssCOMRAM    000025
key_press@key              cstackCOMRAM 000045
lcdNibble@nibble           cstackCOMRAM 000046
lcdPrint@t                 cstackCOMRAM 00004C
lcdWrite@byte              cstackCOMRAM 000048
lcdWrite@type              cstackCOMRAM 000047
lcd_gotoxy@address         cstackCOMRAM 00004B
lcd_gotoxy@x               cstackCOMRAM 00004A
lcd_gotoxy@y               cstackCOMRAM 000049
lcd_putc@c                 cstackCOMRAM 000049
myIntL@snd_delay           bssCOMRAM    00002F
ow_reset@presence          cstackCOMRAM 000045
read_byte@i                cstackCOMRAM 000048
read_byte@val              cstackCOMRAM 000047
read_eep@address           cstackCOMRAM 000045
stackhi                    (abs)        000000
stacklo                    (abs)        000000
start                      init         00009A
start_initialization       cinit        001878
ttemp5                     temp         000068
ttemp6                     temp         00006B
ttemp7                     temp         00006F
write_bit@bitval           cstackCOMRAM 000045
write_byte@i               cstackCOMRAM 00004A
write_byte@temp            cstackCOMRAM 000049
write_byte@val             cstackCOMRAM 000048
write_eep@address          cstackCOMRAM 000046
write_eep@data             cstackCOMRAM 000045
wtemp8                     temp         000068


MODULE INFORMATION

Module		Function		Class		Link	Load	Size
C:\Program Files\Microchip\xc8\v2.36\pic\sources\c90\common\lwmod.c
		___lwmod       		CODE           	18B6	0000	62

C:\Program Files\Microchip\xc8\v2.36\pic\sources\c90\common\lwmod.c estimated size: 62

C:\Program Files\Microchip\xc8\v2.36\pic\sources\c90\common\awmod.c
		___awmod       		CODE           	16BC	0000	104

C:\Program Files\Microchip\xc8\v2.36\pic\sources\c90\common\awmod.c estimated size: 104

eusart.c
		_EUSART_Write  		CODE           	19F6	0000	48
		_EUSART_Write_Str		CODE           	1ADA	0000	18
		_init_uart     		CODE           	1B34	0000	28

eusart.c estimated size: 94

C:\Program Files\Microchip\xc8\v2.36\pic\sources\c90\common\lwdiv.c
		___lwdiv       		CODE           	182E	0000	74

C:\Program Files\Microchip\xc8\v2.36\pic\sources\c90\common\lwdiv.c estimated size: 74

eeprom.c
		_read_eep      		CODE           	1B80	0000	18
		_write_eep     		CODE           	1A4C	0000	36

eeprom.c estimated size: 54

C:\Program Files\Microchip\xc8\v2.36\pic\sources\c90\common\awdiv.c
		___awdiv       		CODE           	15D0	0000	120

C:\Program Files\Microchip\xc8\v2.36\pic\sources\c90\common\awdiv.c estimated size: 120

key.c
		_key_GetKey    		CODE           	1BAA	0000	10
		_key_press     		CODE           	178A	0000	90

key.c estimated size: 100

C:\Program Files\Microchip\xc8\v2.36\pic\sources\c90\common\lbmod.c
		___lbmod       		CODE           	1A26	0000	38

C:\Program Files\Microchip\xc8\v2.36\pic\sources\c90\common\lbmod.c estimated size: 38

onewire.c
		_ow_reset      		CODE           	19C6	0000	48
		_read_bit      		CODE           	1B6A	0000	22
		_read_byte     		CODE           	18F4	0000	54
		_write_bit     		CODE           	1AFA	0000	30
		_write_byte    		CODE           	192A	0000	54

onewire.c estimated size: 208

shared
		PL12           		CODE           	0F9A	0000	10
		PL50           		CODE           	102A	0000	8
		PL8            		CODE           	113C	0000	12
		PL22           		CODE           	0FC4	0000	12
		PL60           		CODE           	1032	0000	6
		PL32           		CODE           	138E	0000	14
		PL70           		CODE           	1188	0000	8
		PL42           		CODE           	15C6	0000	10
		PL80           		CODE           	143E	0000	6
		PL14           		CODE           	0FA4	0000	10
		PL52           		CODE           	1148	0000	8
		PL24           		CODE           	0FD0	0000	12
		PL62           		CODE           	1168	0000	8
		PL34           		CODE           	0FF2	0000	12
		PL72           		CODE           	1190	0000	8
		PL44           		CODE           	1780	0000	10
		PL82           		CODE           	11A8	0000	8
		PL16           		CODE           	0FAE	0000	16
		PL54           		CODE           	1150	0000	8
		PL26           		CODE           	0FDC	0000	16
		PL64           		CODE           	1170	0000	8
		PL36           		CODE           	0FFE	0000	6
		PL74           		CODE           	1198	0000	8
		PL46           		CODE           	1016	0000	10
		PL84           		CODE           	11B0	0000	8
		_fract         		MEDIUMCONST    	1EAD	0000	16
		PL18           		CODE           	0FBE	0000	6
		PL56           		CODE           	1158	0000	8
		PL28           		CODE           	0FEC	0000	6
		PL66           		CODE           	1178	0000	8
		PL38           		CODE           	1004	0000	8
		PL76           		CODE           	1038	0000	8
		PL48           		CODE           	1020	0000	10
		PL86           		CODE           	11B8	0000	8
		PL58           		CODE           	1160	0000	8
		PL68           		CODE           	1180	0000	8
		PL78           		CODE           	11A0	0000	8
		PL88           		CODE           	11C0	0000	8
		__initialization		CODE           	1878	0000	48
		_symbol_4      		MEDIUMCONST    	1EC5	0000	8
		_symbol_5      		MEDIUMCONST    	1EBD	0000	8
		_HD44780_CYR   		MEDIUMCONST    	1E6D	0000	64
		PL2            		CODE           	0F6A	0000	16
		PL10           		CODE           	0F92	0000	8
		PL4            		CODE           	0F7A	0000	12
		PL20           		CODE           	1430	0000	14
		PL30           		CODE           	1AEC	0000	14
		PL6            		CODE           	0F86	0000	12
		PL40           		CODE           	100C	0000	10

shared estimated size: 566

ds18b20.c
		_ds18b20_readrom		CODE           	1724	0000	92
		_ds18b20_crc8  		CODE           	17E4	0000	74
		_ds18b20_readTemp		CODE           	12C0	0000	206
		_ds18b20_get_temp		CODE           	1444	0000	138
		_init_ds18b20  		CODE           	1648	0000	116

ds18b20.c estimated size: 626

hd44780.c
		_lcd_putc      		CODE           	1B9E	0000	12
		_cgrom_char    		CODE           	1994	0000	50
		_lcd_gotoxy    		CODE           	1B18	0000	28
		_lcdNibble     		CODE           	1556	0000	112
		_lcdWrite      		CODE           	1A94	0000	36
		_lcdPrint      		CODE           	139C	0000	148
		_initLCD       		CODE           	11C8	0000	248
		_clearLCD      		CODE           	1B50	0000	26

hd44780.c estimated size: 660

C:\Program Files\Microchip\xc8\v2.36\pic\sources\c90\common\lbdiv.c
		___lbdiv       		CODE           	1960	0000	52

C:\Program Files\Microchip\xc8\v2.36\pic\sources\c90\common\lbdiv.c estimated size: 52

main.c
		_Main_init     		CODE           	14CE	0000	136
		_outValPreset  		CODE           	1040	0000	252
		_myIntH        		CODE           	0008	0000	40
		_main          		CODE           	009E	0000	3788
		_Delay_ms      		CODE           	1A70	0000	36
		_myIntL        		CODE           	0018	0000	130

main.c estimated size: 4382

